Archive member included to satisfy reference by file (symbol)

/home/carlos/st/stm32cubeide_1.11.2/plugins/com.st.stm32cube.ide.mcu.externaltools.gnu-tools-for-stm32.10.3-2021.10.linux64_1.0.100.202210260954/tools/bin/../lib/gcc/arm-none-eabi/10.3.1/../../../../arm-none-eabi/lib/thumb/v7e-m+fp/hard/libc_nano.a(lib_a-errno.o)
                              ./Core/Src/syscalls.o (__errno)
/home/carlos/st/stm32cubeide_1.11.2/plugins/com.st.stm32cube.ide.mcu.externaltools.gnu-tools-for-stm32.10.3-2021.10.linux64_1.0.100.202210260954/tools/bin/../lib/gcc/arm-none-eabi/10.3.1/../../../../arm-none-eabi/lib/thumb/v7e-m+fp/hard/libc_nano.a(lib_a-exit.o)
                              /home/carlos/st/stm32cubeide_1.11.2/plugins/com.st.stm32cube.ide.mcu.externaltools.gnu-tools-for-stm32.10.3-2021.10.linux64_1.0.100.202210260954/tools/bin/../lib/gcc/arm-none-eabi/10.3.1/../../../../arm-none-eabi/lib/thumb/v7e-m+fp/hard/crt0.o (exit)
/home/carlos/st/stm32cubeide_1.11.2/plugins/com.st.stm32cube.ide.mcu.externaltools.gnu-tools-for-stm32.10.3-2021.10.linux64_1.0.100.202210260954/tools/bin/../lib/gcc/arm-none-eabi/10.3.1/../../../../arm-none-eabi/lib/thumb/v7e-m+fp/hard/libc_nano.a(lib_a-findfp.o)
                              ./Middlewares/Third_Party/FreeRTOS/Source/tasks.o (__sf_fake_stderr)
/home/carlos/st/stm32cubeide_1.11.2/plugins/com.st.stm32cube.ide.mcu.externaltools.gnu-tools-for-stm32.10.3-2021.10.linux64_1.0.100.202210260954/tools/bin/../lib/gcc/arm-none-eabi/10.3.1/../../../../arm-none-eabi/lib/thumb/v7e-m+fp/hard/libc_nano.a(lib_a-fwalk.o)
                              /home/carlos/st/stm32cubeide_1.11.2/plugins/com.st.stm32cube.ide.mcu.externaltools.gnu-tools-for-stm32.10.3-2021.10.linux64_1.0.100.202210260954/tools/bin/../lib/gcc/arm-none-eabi/10.3.1/../../../../arm-none-eabi/lib/thumb/v7e-m+fp/hard/libc_nano.a(lib_a-findfp.o) (_fwalk)
/home/carlos/st/stm32cubeide_1.11.2/plugins/com.st.stm32cube.ide.mcu.externaltools.gnu-tools-for-stm32.10.3-2021.10.linux64_1.0.100.202210260954/tools/bin/../lib/gcc/arm-none-eabi/10.3.1/../../../../arm-none-eabi/lib/thumb/v7e-m+fp/hard/libc_nano.a(lib_a-impure.o)
                              /home/carlos/st/stm32cubeide_1.11.2/plugins/com.st.stm32cube.ide.mcu.externaltools.gnu-tools-for-stm32.10.3-2021.10.linux64_1.0.100.202210260954/tools/bin/../lib/gcc/arm-none-eabi/10.3.1/../../../../arm-none-eabi/lib/thumb/v7e-m+fp/hard/libc_nano.a(lib_a-exit.o) (_global_impure_ptr)
/home/carlos/st/stm32cubeide_1.11.2/plugins/com.st.stm32cube.ide.mcu.externaltools.gnu-tools-for-stm32.10.3-2021.10.linux64_1.0.100.202210260954/tools/bin/../lib/gcc/arm-none-eabi/10.3.1/../../../../arm-none-eabi/lib/thumb/v7e-m+fp/hard/libc_nano.a(lib_a-init.o)
                              /home/carlos/st/stm32cubeide_1.11.2/plugins/com.st.stm32cube.ide.mcu.externaltools.gnu-tools-for-stm32.10.3-2021.10.linux64_1.0.100.202210260954/tools/bin/../lib/gcc/arm-none-eabi/10.3.1/../../../../arm-none-eabi/lib/thumb/v7e-m+fp/hard/crt0.o (__libc_init_array)
/home/carlos/st/stm32cubeide_1.11.2/plugins/com.st.stm32cube.ide.mcu.externaltools.gnu-tools-for-stm32.10.3-2021.10.linux64_1.0.100.202210260954/tools/bin/../lib/gcc/arm-none-eabi/10.3.1/../../../../arm-none-eabi/lib/thumb/v7e-m+fp/hard/libc_nano.a(lib_a-lock.o)
                              /home/carlos/st/stm32cubeide_1.11.2/plugins/com.st.stm32cube.ide.mcu.externaltools.gnu-tools-for-stm32.10.3-2021.10.linux64_1.0.100.202210260954/tools/bin/../lib/gcc/arm-none-eabi/10.3.1/../../../../arm-none-eabi/lib/thumb/v7e-m+fp/hard/libc_nano.a(lib_a-findfp.o) (__retarget_lock_init_recursive)
/home/carlos/st/stm32cubeide_1.11.2/plugins/com.st.stm32cube.ide.mcu.externaltools.gnu-tools-for-stm32.10.3-2021.10.linux64_1.0.100.202210260954/tools/bin/../lib/gcc/arm-none-eabi/10.3.1/../../../../arm-none-eabi/lib/thumb/v7e-m+fp/hard/libc_nano.a(lib_a-memcpy-stub.o)
                              ./Core/Src/bus_packet.o (memcpy)
/home/carlos/st/stm32cubeide_1.11.2/plugins/com.st.stm32cube.ide.mcu.externaltools.gnu-tools-for-stm32.10.3-2021.10.linux64_1.0.100.202210260954/tools/bin/../lib/gcc/arm-none-eabi/10.3.1/../../../../arm-none-eabi/lib/thumb/v7e-m+fp/hard/libc_nano.a(lib_a-memset.o)
                              /home/carlos/st/stm32cubeide_1.11.2/plugins/com.st.stm32cube.ide.mcu.externaltools.gnu-tools-for-stm32.10.3-2021.10.linux64_1.0.100.202210260954/tools/bin/../lib/gcc/arm-none-eabi/10.3.1/../../../../arm-none-eabi/lib/thumb/v7e-m+fp/hard/crt0.o (memset)
/home/carlos/st/stm32cubeide_1.11.2/plugins/com.st.stm32cube.ide.mcu.externaltools.gnu-tools-for-stm32.10.3-2021.10.linux64_1.0.100.202210260954/tools/bin/../lib/gcc/arm-none-eabi/10.3.1/../../../../arm-none-eabi/lib/thumb/v7e-m+fp/hard/libc_nano.a(lib_a-nano-mallocr.o)
[...]
Memory Configuration

Name             Origin             Length             Attributes
RAM              0x0000000020000000 0x0000000000010000 xrw
RAM2             0x0000000010000000 0x0000000000004000 xrw
FLASH            0x0000000008000000 0x0000000000040000 xr
*default*        0x0000000000000000 0xffffffffffffffff

Linker script and memory map

LOAD /home/carlos/st/stm32cubeide_1.11.2/plugins/com.st.stm32cube.ide.mcu.externaltools.gnu-tools-for-stm32.10.3-2021.10.linux64_1.0.100.202210260954/tools/bin/../lib/gcc/arm-none-eabi/10.3.1/thumb/v7e-m+fp/hard/crti.o
LOAD /home/carlos/st/stm32cubeide_1.11.2/plugins/com.st.stm32cube.ide.mcu.externaltools.gnu-tools-for-stm32.10.3-2021.10.linux64_1.0.100.202210260954/tools/bin/../lib/gcc/arm-none-eabi/10.3.1/thumb/v7e-m+fp/hard/crtbegin.o
LOAD /home/carlos/st/stm32cubeide_1.11.2/plugins/com.st.stm32cube.ide.mcu.externaltools.gnu-tools-for-stm32.10.3-2021.10.linux64_1.0.100.202210260954/tools/bin/../lib/gcc/arm-none-eabi/10.3.1/../../../../arm-none-eabi/lib/thumb/v7e-m+fp/hard/crt0.o
LOAD ./Core/Src/EPS_FYCUS.o
LOAD ./Core/Src/LTC4168.o
LOAD ./Core/Src/bus_packet.o
LOAD ./Core/Src/freertos.o
LOAD ./Core/Src/main.o
LOAD ./Core/Src/stm32l4xx_hal_msp.o
LOAD ./Core/Src/stm32l4xx_hal_timebase_tim.o
LOAD ./Core/Src/stm32l4xx_it.o
LOAD ./Core/Src/syscalls.o
LOAD ./Core/Src/sysmem.o
LOAD ./Core/Src/system_stm32l4xx.o
LOAD ./Core/Startup/startup_stm32l431rctx.o
LOAD ./Drivers/STM32L4xx_HAL_Driver/Src/stm32l4xx_hal.o
LOAD ./Drivers/STM32L4xx_HAL_Driver/Src/stm32l4xx_hal_cortex.o
LOAD ./Drivers/STM32L4xx_HAL_Driver/Src/stm32l4xx_hal_crc.o
LOAD ./Drivers/STM32L4xx_HAL_Driver/Src/stm32l4xx_hal_crc_ex.o
LOAD ./Drivers/STM32L4xx_HAL_Driver/Src/stm32l4xx_hal_dma.o
LOAD ./Drivers/STM32L4xx_HAL_Driver/Src/stm32l4xx_hal_dma_ex.o
LOAD ./Drivers/STM32L4xx_HAL_Driver/Src/stm32l4xx_hal_exti.o
LOAD ./Drivers/STM32L4xx_HAL_Driver/Src/stm32l4xx_hal_flash.o
LOAD ./Drivers/STM32L4xx_HAL_Driver/Src/stm32l4xx_hal_flash_ex.o
LOAD ./Drivers/STM32L4xx_HAL_Driver/Src/stm32l4xx_hal_flash_ramfunc.o
LOAD ./Drivers/STM32L4xx_HAL_Driver/Src/stm32l4xx_hal_gpio.o
LOAD ./Drivers/STM32L4xx_HAL_Driver/Src/stm32l4xx_hal_i2c.o
LOAD ./Drivers/STM32L4xx_HAL_Driver/Src/stm32l4xx_hal_i2c_ex.o
LOAD ./Drivers/STM32L4xx_HAL_Driver/Src/stm32l4xx_hal_pwr.o
LOAD ./Drivers/STM32L4xx_HAL_Driver/Src/stm32l4xx_hal_pwr_ex.o
LOAD ./Drivers/STM32L4xx_HAL_Driver/Src/stm32l4xx_hal_rcc.o
LOAD ./Drivers/STM32L4xx_HAL_Driver/Src/stm32l4xx_hal_rcc_ex.o
LOAD ./Drivers/STM32L4xx_HAL_Driver/Src/stm32l4xx_hal_spi.o
LOAD ./Drivers/STM32L4xx_HAL_Driver/Src/stm32l4xx_hal_spi_ex.o
LOAD ./Drivers/STM32L4xx_HAL_Driver/Src/stm32l4xx_hal_tim.o
LOAD ./Drivers/STM32L4xx_HAL_Driver/Src/stm32l4xx_hal_tim_ex.o
LOAD ./Drivers/STM32L4xx_HAL_Driver/Src/stm32l4xx_hal_uart.o
LOAD ./Drivers/STM32L4xx_HAL_Driver/Src/stm32l4xx_hal_uart_ex.o
LOAD ./Middlewares/Third_Party/FreeRTOS/Source/CMSIS_RTOS_V2/cmsis_os2.o
LOAD ./Middlewares/Third_Party/FreeRTOS/Source/croutine.o
LOAD ./Middlewares/Third_Party/FreeRTOS/Source/event_groups.o
LOAD ./Middlewares/Third_Party/FreeRTOS/Source/list.o
LOAD ./Middlewares/Third_Party/FreeRTOS/Source/queue.o
LOAD ./Middlewares/Third_Party/FreeRTOS/Source/stream_buffer.o
LOAD ./Middlewares/Third_Party/FreeRTOS/Source/tasks.o
LOAD ./Middlewares/Third_Party/FreeRTOS/Source/timers.o
LOAD ./Middlewares/Third_Party/FreeRTOS/Source/portable/GCC/ARM_CM4F/port.o
LOAD ./Middlewares/Third_Party/FreeRTOS/Source/portable/MemMang/heap_4.o
START GROUP
LOAD /home/carlos/st/stm32cubeide_1.11.2/plugins/com.st.stm32cube.ide.mcu.externaltools.gnu-tools-for-stm32.10.3-2021.10.linux64_1.0.100.202210260954/tools/bin/../lib/gcc/arm-none-eabi/10.3.1/../../../../arm-none-eabi/lib/thumb/v7e-m+fp/hard/libc_nano.a
LOAD /home/carlos/st/stm32cubeide_1.11.2/plugins/com.st.stm32cube.ide.mcu.externaltools.gnu-tools-for-stm32.10.3-2021.10.linux64_1.0.100.202210260954/tools/bin/../lib/gcc/arm-none-eabi/10.3.1/../../../../arm-none-eabi/lib/thumb/v7e-m+fp/hard/libm.a
END GROUP
START GROUP
LOAD /home/carlos/st/stm32cubeide_1.11.2/plugins/com.st.stm32cube.ide.mcu.externaltools.gnu-tools-for-stm32.10.3-2021.10.linux64_1.0.100.202210260954/tools/bin/../lib/gcc/arm-none-eabi/10.3.1/thumb/v7e-m+fp/hard/libgcc.a
LOAD /home/carlos/st/stm32cubeide_1.11.2/plugins/com.st.stm32cube.ide.mcu.externaltools.gnu-tools-for-stm32.10.3-2021.10.linux64_1.0.100.202210260954/tools/bin/../lib/gcc/arm-none-eabi/10.3.1/../../../../arm-none-eabi/lib/thumb/v7e-m+fp/hard/libc_nano.a
END GROUP
START GROUP
LOAD /home/carlos/st/stm32cubeide_1.11.2/plugins/com.st.stm32cube.ide.mcu.externaltools.gnu-tools-for-stm32.10.3-2021.10.linux64_1.0.100.202210260954/tools/bin/../lib/gcc/arm-none-eabi/10.3.1/thumb/v7e-m+fp/hard/libgcc.a
LOAD /home/carlos/st/stm32cubeide_1.11.2/plugins/com.st.stm32cube.ide.mcu.externaltools.gnu-tools-for-stm32.10.3-2021.10.linux64_1.0.100.202210260954/tools/bin/../lib/gcc/arm-none-eabi/10.3.1/../../../../arm-none-eabi/lib/thumb/v7e-m+fp/hard/libc_nano.a
LOAD /home/carlos/st/stm32cubeide_1.11.2/plugins/com.st.stm32cube.ide.mcu.externaltools.gnu-tools-for-stm32.10.3-2021.10.linux64_1.0.100.202210260954/tools/bin/../lib/gcc/arm-none-eabi/10.3.1/../../../../arm-none-eabi/lib/thumb/v7e-m+fp/hard/libnosys.a
END GROUP
START GROUP
LOAD /home/carlos/st/stm32cubeide_1.11.2/plugins/com.st.stm32cube.ide.mcu.externaltools.gnu-tools-for-stm32.10.3-2021.10.linux64_1.0.100.202210260954/tools/bin/../lib/gcc/arm-none-eabi/10.3.1/thumb/v7e-m+fp/hard/libgcc.a
LOAD /home/carlos/st/stm32cubeide_1.11.2/plugins/com.st.stm32cube.ide.mcu.externaltools.gnu-tools-for-stm32.10.3-2021.10.linux64_1.0.100.202210260954/tools/bin/../lib/gcc/arm-none-eabi/10.3.1/../../../../arm-none-eabi/lib/thumb/v7e-m+fp/hard/libc_nano.a
LOAD /home/carlos/st/stm32cubeide_1.11.2/plugins/com.st.stm32cube.ide.mcu.externaltools.gnu-tools-for-stm32.10.3-2021.10.linux64_1.0.100.202210260954/tools/bin/../lib/gcc/arm-none-eabi/10.3.1/../../../../arm-none-eabi/lib/thumb/v7e-m+fp/hard/libnosys.a
END GROUP
LOAD /home/carlos/st/stm32cubeide_1.11.2/plugins/com.st.stm32cube.ide.mcu.externaltools.gnu-tools-for-stm32.10.3-2021.10.linux64_1.0.100.202210260954/tools/bin/../lib/gcc/arm-none-eabi/10.3.1/thumb/v7e-m+fp/hard/crtend.o
LOAD /home/carlos/st/stm32cubeide_1.11.2/plugins/com.st.stm32cube.ide.mcu.externaltools.gnu-tools-for-stm32.10.3-2021.10.linux64_1.0.100.202210260954/tools/bin/../lib/gcc/arm-none-eabi/10.3.1/thumb/v7e-m+fp/hard/crtn.o
                0x0000000020010000                _estack = (ORIGIN (RAM) + LENGTH (RAM))
                0x0000000000001000                _Min_Heap_Size = 0x1000
                0x0000000000000400                _Min_Stack_Size = 0x400

.isr_vector     0x0000000008000000      0x18c
                0x0000000008000000                . = ALIGN (0x4)
 *(.isr_vector)
 .isr_vector    0x0000000008000000      0x18c ./Core/Startup/startup_stm32l431rctx.o
                0x0000000008000000                g_pfnVectors
                0x000000000800018c                . = ALIGN (0x4)

.text           0x0000000008000190     0x8460
                0x0000000008000190                . = ALIGN (0x4)
 *(.text)
 .text          0x0000000008000190       0x40 /home/carlos/st/stm32cubeide_1.11.2/plugins/com.st.stm32cube.ide.mcu.externaltools.gnu-tools-for-stm32.10.3-2021.10.linux64_1.0.100.202210260954/tools/bin/../lib/gcc/arm-none-eabi/10.3.1/thumb/v7e-m+fp/hard/crtbegin.o
 .text          0x00000000080001d0       0x30 /home/carlos/st/stm32cubeide_1.11.2/plugins/com.st.stm32cube.ide.mcu.externaltools.gnu-tools-for-stm32.10.3-2021.10.linux64_1.0.100.202210260954/tools/bin/../lib/gcc/arm-none-eabi/10.3.1/thumb/v7e-m+fp/hard/libgcc.a(_aeabi_uldivmod.o)
                0x00000000080001d0                __aeabi_uldivmod
 .text          0x0000000008000200      0x2d0 /home/carlos/st/stm32cubeide_1.11.2/plugins/com.st.stm32cube.ide.mcu.externaltools.gnu-tools-for-stm32.10.3-2021.10.linux64_1.0.100.202210260954/tools/bin/../lib/gcc/arm-none-eabi/10.3.1/thumb/v7e-m+fp/hard/libgcc.a(_udivmoddi4.o)
                0x0000000008000200                __udivmoddi4
 .text          0x00000000080004d0        0x4 /home/carlos/st/stm32cubeide_1.11.2/plugins/com.st.stm32cube.ide.mcu.externaltools.gnu-tools-for-stm32.10.3-2021.10.linux64_1.0.100.202210260954/tools/bin/../lib/gcc/arm-none-eabi/10.3.1/thumb/v7e-m+fp/hard/libgcc.a(_dvmd_tls.o)
                0x00000000080004d0                __aeabi_ldiv0
                0x00000000080004d0                __aeabi_idiv0
 *(.text*)
 .text.get_size
                0x00000000080004d4       0x28 ./Core/Src/LTC4168.o
 .text.get_command_code
                0x00000000080004fc       0x1c ./Core/Src/LTC4168.o
 .text.get_offset
                0x0000000008000518       0x24 ./Core/Src/LTC4168.o
 .text.get_mask
                0x000000000800053c       0x44 ./Core/Src/LTC4168.o
 .text.LTC4162_Init
                0x0000000008000580       0x5c ./Core/Src/LTC4168.o
                0x0000000008000580                LTC4162_Init
 .text.LTC4162_SetReg
                0x00000000080005dc       0xc0 ./Core/Src/LTC4168.o
                0x00000000080005dc                LTC4162_SetReg
 .text.LTC4162_GetReg
                0x000000000800069c       0x88 ./Core/Src/LTC4168.o
                0x000000000800069c                LTC4162_GetReg
 .text.bus_packet_EncodePacketize
                0x0000000008000724       0xac ./Core/Src/bus_packet.o
                0x0000000008000724                bus_packet_EncodePacketize
 .text.bus_packet_CRC16CCSDSConfig
                0x00000000080007d0       0x74 ./Core/Src/bus_packet.o
                0x00000000080007d0                bus_packet_CRC16CCSDSConfig
 .text.vApplicationIdleHook
                0x0000000008000844       0x10 ./Core/Src/freertos.o
                0x0000000008000844                vApplicationIdleHook
 .text.bus_packet_GetLength
                0x0000000008000854       0x20 ./Core/Src/main.o
 .text.main     0x0000000008000874       0x88 ./Core/Src/main.o
                0x0000000008000874                main
 .text.SystemClock_Config
                0x00000000080008fc       0x9e ./Core/Src/main.o
                0x00000000080008fc                SystemClock_Config
 *fill*         0x000000000800099a        0x2 
 .text.MX_CRC_Init
                0x000000000800099c       0x44 ./Core/Src/main.o
 .text.MX_I2C1_Init
                0x00000000080009e0       0x80 ./Core/Src/main.o
 .text.MX_I2C2_Init
                0x0000000008000a60       0x80 ./Core/Src/main.o
 .text.MX_SPI1_Init
                0x0000000008000ae0       0x7c ./Core/Src/main.o
 .text.MX_TIM2_Init
                0x0000000008000b5c       0xc8 ./Core/Src/main.o
 .text.MX_USART3_UART_Init
                0x0000000008000c24       0x60 ./Core/Src/main.o
 .text.MX_GPIO_Init
                0x0000000008000c84      0x124 ./Core/Src/main.o
 .text.prvMonitorMPPT
                0x0000000008000da8       0xa4 ./Core/Src/main.o
                0x0000000008000da8                prvMonitorMPPT
 .text.prvSendTelemetry
                0x0000000008000e4c       0x70 ./Core/Src/main.o
                0x0000000008000e4c                prvSendTelemetry
 .text.prvPowerManagement
                0x0000000008000ebc       0x34 ./Core/Src/main.o
                0x0000000008000ebc                prvPowerManagement
 .text.HAL_TIM_PeriodElapsedCallback
                0x0000000008000ef0       0x24 ./Core/Src/main.o
                0x0000000008000ef0                HAL_TIM_PeriodElapsedCallback
 .text.Error_Handler
                0x0000000008000f14       0x1c ./Core/Src/main.o
                0x0000000008000f14                Error_Handler
 .text.HAL_MspInit
                0x0000000008000f30       0x50 ./Core/Src/stm32l4xx_hal_msp.o
                0x0000000008000f30                HAL_MspInit
 .text.HAL_CRC_MspInit
                0x0000000008000f80       0x40 ./Core/Src/stm32l4xx_hal_msp.o
                0x0000000008000f80                HAL_CRC_MspInit
 .text.HAL_CRC_MspDeInit
                0x0000000008000fc0       0x34 ./Core/Src/stm32l4xx_hal_msp.o
                0x0000000008000fc0                HAL_CRC_MspDeInit
 .text.HAL_I2C_MspInit
                0x0000000008000ff4      0x138 ./Core/Src/stm32l4xx_hal_msp.o
                0x0000000008000ff4                HAL_I2C_MspInit
 .text.HAL_SPI_MspInit
                0x000000000800112c       0x88 ./Core/Src/stm32l4xx_hal_msp.o
                0x000000000800112c                HAL_SPI_MspInit
 .text.HAL_TIM_PWM_MspInit
                0x00000000080011b4       0x3c ./Core/Src/stm32l4xx_hal_msp.o
                0x00000000080011b4                HAL_TIM_PWM_MspInit
 .text.HAL_TIM_MspPostInit
                0x00000000080011f0       0x6c ./Core/Src/stm32l4xx_hal_msp.o
                0x00000000080011f0                HAL_TIM_MspPostInit
 .text.HAL_UART_MspInit
                0x000000000800125c       0xb4 ./Core/Src/stm32l4xx_hal_msp.o
                0x000000000800125c                HAL_UART_MspInit
 .text.HAL_InitTick
                0x0000000008001310       0xdc ./Core/Src/stm32l4xx_hal_timebase_tim.o
                0x0000000008001310                HAL_InitTick
 .text.NMI_Handler
                0x00000000080013ec        0x6 ./Core/Src/stm32l4xx_it.o
                0x00000000080013ec                NMI_Handler
 .text.HardFault_Handler
                0x00000000080013f2        0x6 ./Core/Src/stm32l4xx_it.o
                0x00000000080013f2                HardFault_Handler
 .text.MemManage_Handler
                0x00000000080013f8        0x6 ./Core/Src/stm32l4xx_it.o
                0x00000000080013f8                MemManage_Handler
 .text.BusFault_Handler
                0x00000000080013fe        0x6 ./Core/Src/stm32l4xx_it.o
                0x00000000080013fe                BusFault_Handler
 .text.UsageFault_Handler
                0x0000000008001404        0x6 ./Core/Src/stm32l4xx_it.o
                0x0000000008001404                UsageFault_Handler
 .text.DebugMon_Handler
                0x000000000800140a        0xe ./Core/Src/stm32l4xx_it.o
                0x000000000800140a                DebugMon_Handler
 .text.TIM1_UP_TIM16_IRQHandler
                0x0000000008001418       0x14 ./Core/Src/stm32l4xx_it.o
                0x0000000008001418                TIM1_UP_TIM16_IRQHandler
 .text.SystemInit
                0x000000000800142c       0x24 ./Core/Src/system_stm32l4xx.o
                0x000000000800142c                SystemInit
 .text.Reset_Handler
                0x0000000008001450       0x50 ./Core/Startup/startup_stm32l431rctx.o
                0x0000000008001450                Reset_Handler
 .text.Default_Handler
                0x00000000080014a0        0x2 ./Core/Startup/startup_stm32l431rctx.o
                0x00000000080014a0                RTC_Alarm_IRQHandler
                0x00000000080014a0                EXTI2_IRQHandler
                0x00000000080014a0                TIM1_CC_IRQHandler
                0x00000000080014a0                TSC_IRQHandler
                0x00000000080014a0                TAMP_STAMP_IRQHandler
                0x00000000080014a0                EXTI3_IRQHandler
                0x00000000080014a0                LPTIM2_IRQHandler
                0x00000000080014a0                I2C3_ER_IRQHandler
                0x00000000080014a0                EXTI0_IRQHandler
                0x00000000080014a0                I2C2_EV_IRQHandler
                0x00000000080014a0                CAN1_RX0_IRQHandler
                0x00000000080014a0                FPU_IRQHandler
                0x00000000080014a0                SPI1_IRQHandler
                0x00000000080014a0                TIM6_DAC_IRQHandler
                0x00000000080014a0                DMA2_Channel2_IRQHandler
                0x00000000080014a0                DMA1_Channel4_IRQHandler
                0x00000000080014a0                ADC1_IRQHandler
                0x00000000080014a0                USART3_IRQHandler
                0x00000000080014a0                DMA1_Channel7_IRQHandler
                0x00000000080014a0                CAN1_RX1_IRQHandler
                0x00000000080014a0                DMA2_Channel1_IRQHandler
                0x00000000080014a0                QUADSPI_IRQHandler
                0x00000000080014a0                I2C1_EV_IRQHandler
                0x00000000080014a0                DMA1_Channel6_IRQHandler
                0x00000000080014a0                DMA2_Channel4_IRQHandler
                0x00000000080014a0                RCC_IRQHandler
                0x00000000080014a0                TIM1_TRG_COM_IRQHandler
                0x00000000080014a0                DMA1_Channel1_IRQHandler
                0x00000000080014a0                Default_Handler
                0x00000000080014a0                DMA2_Channel7_IRQHandler
                0x00000000080014a0                EXTI15_10_IRQHandler
                0x00000000080014a0                TIM7_IRQHandler
                0x00000000080014a0                SDMMC1_IRQHandler
                0x00000000080014a0                I2C3_EV_IRQHandler
                0x00000000080014a0                EXTI9_5_IRQHandler
                0x00000000080014a0                RTC_WKUP_IRQHandler
                0x00000000080014a0                PVD_PVM_IRQHandler
                0x00000000080014a0                SPI2_IRQHandler
                0x00000000080014a0                CAN1_TX_IRQHandler
                0x00000000080014a0                DMA2_Channel5_IRQHandler
                0x00000000080014a0                CRS_IRQHandler
                0x00000000080014a0                DMA1_Channel5_IRQHandler
                0x00000000080014a0                EXTI4_IRQHandler
                0x00000000080014a0                RNG_IRQHandler
                0x00000000080014a0                DMA1_Channel3_IRQHandler
                0x00000000080014a0                COMP_IRQHandler
                0x00000000080014a0                WWDG_IRQHandler
                0x00000000080014a0                LPUART1_IRQHandler
                0x00000000080014a0                DMA2_Channel6_IRQHandler
                0x00000000080014a0                TIM2_IRQHandler
                0x00000000080014a0                EXTI1_IRQHandler
                0x00000000080014a0                USART2_IRQHandler
                0x00000000080014a0                I2C2_ER_IRQHandler
                0x00000000080014a0                DMA1_Channel2_IRQHandler
                0x00000000080014a0                CAN1_SCE_IRQHandler
                0x00000000080014a0                FLASH_IRQHandler
                0x00000000080014a0                USART1_IRQHandler
                0x00000000080014a0                SPI3_IRQHandler
                0x00000000080014a0                I2C1_ER_IRQHandler
                0x00000000080014a0                SWPMI1_IRQHandler
                0x00000000080014a0                LPTIM1_IRQHandler
                0x00000000080014a0                SAI1_IRQHandler
                0x00000000080014a0                DMA2_Channel3_IRQHandler
                0x00000000080014a0                TIM1_BRK_TIM15_IRQHandler
 .text.HAL_Init
                0x00000000080014a2       0x30 ./Drivers/STM32L4xx_HAL_Driver/Src/stm32l4xx_hal.o
                0x00000000080014a2                HAL_Init
 *fill*         0x00000000080014d2        0x2 
 .text.HAL_IncTick
                0x00000000080014d4       0x28 ./Drivers/STM32L4xx_HAL_Driver/Src/stm32l4xx_hal.o
                0x00000000080014d4                HAL_IncTick
 .text.HAL_GetTick
                0x00000000080014fc       0x18 ./Drivers/STM32L4xx_HAL_Driver/Src/stm32l4xx_hal.o
                0x00000000080014fc                HAL_GetTick
 .text.HAL_Delay
                0x0000000008001514       0x48 ./Drivers/STM32L4xx_HAL_Driver/Src/stm32l4xx_hal.o
                0x0000000008001514                HAL_Delay
 .text.__NVIC_SetPriorityGrouping
                0x000000000800155c       0x48 ./Drivers/STM32L4xx_HAL_Driver/Src/stm32l4xx_hal_cortex.o
 .text.__NVIC_GetPriorityGrouping
                0x00000000080015a4       0x1c ./Drivers/STM32L4xx_HAL_Driver/Src/stm32l4xx_hal_cortex.o
 .text.__NVIC_EnableIRQ
                0x00000000080015c0       0x3c ./Drivers/STM32L4xx_HAL_Driver/Src/stm32l4xx_hal_cortex.o
 .text.__NVIC_SetPriority
                0x00000000080015fc       0x54 ./Drivers/STM32L4xx_HAL_Driver/Src/stm32l4xx_hal_cortex.o
 .text.NVIC_EncodePriority
                0x0000000008001650       0x66 ./Drivers/STM32L4xx_HAL_Driver/Src/stm32l4xx_hal_cortex.o
 .text.HAL_NVIC_SetPriorityGrouping
                0x00000000080016b6       0x16 ./Drivers/STM32L4xx_HAL_Driver/Src/stm32l4xx_hal_cortex.o
                0x00000000080016b6                HAL_NVIC_SetPriorityGrouping
 .text.HAL_NVIC_SetPriority
                0x00000000080016cc       0x38 ./Drivers/STM32L4xx_HAL_Driver/Src/stm32l4xx_hal_cortex.o
                0x00000000080016cc                HAL_NVIC_SetPriority
 .text.HAL_NVIC_EnableIRQ
                0x0000000008001704       0x1c ./Drivers/STM32L4xx_HAL_Driver/Src/stm32l4xx_hal_cortex.o
                0x0000000008001704                HAL_NVIC_EnableIRQ
 .text.HAL_CRC_Init
                0x0000000008001720       0xc8 ./Drivers/STM32L4xx_HAL_Driver/Src/stm32l4xx_hal_crc.o
                0x0000000008001720                HAL_CRC_Init
 .text.HAL_CRC_DeInit
                0x00000000080017e8       0x60 ./Drivers/STM32L4xx_HAL_Driver/Src/stm32l4xx_hal_crc.o
                0x00000000080017e8                HAL_CRC_DeInit
 .text.HAL_CRC_Calculate
                0x0000000008001848       0x98 ./Drivers/STM32L4xx_HAL_Driver/Src/stm32l4xx_hal_crc.o
                0x0000000008001848                HAL_CRC_Calculate
 .text.CRC_Handle_8
                0x00000000080018e0      0x11c ./Drivers/STM32L4xx_HAL_Driver/Src/stm32l4xx_hal_crc.o
 .text.CRC_Handle_16
                0x00000000080019fc       0x74 ./Drivers/STM32L4xx_HAL_Driver/Src/stm32l4xx_hal_crc.o
 .text.HAL_CRCEx_Polynomial_Set
                0x0000000008001a70      0x10c ./Drivers/STM32L4xx_HAL_Driver/Src/stm32l4xx_hal_crc_ex.o
                0x0000000008001a70                HAL_CRCEx_Polynomial_Set
 .text.HAL_GPIO_Init
                0x0000000008001b7c      0x2f4 ./Drivers/STM32L4xx_HAL_Driver/Src/stm32l4xx_hal_gpio.o
                0x0000000008001b7c                HAL_GPIO_Init
 .text.HAL_GPIO_WritePin
                0x0000000008001e70       0x30 ./Drivers/STM32L4xx_HAL_Driver/Src/stm32l4xx_hal_gpio.o
                0x0000000008001e70                HAL_GPIO_WritePin
 .text.HAL_GPIO_TogglePin
                0x0000000008001ea0       0x34 ./Drivers/STM32L4xx_HAL_Driver/Src/stm32l4xx_hal_gpio.o
                0x0000000008001ea0                HAL_GPIO_TogglePin
 .text.HAL_I2C_Init
                0x0000000008001ed4      0x11e ./Drivers/STM32L4xx_HAL_Driver/Src/stm32l4xx_hal_i2c.o
                0x0000000008001ed4                HAL_I2C_Init
 *fill*         0x0000000008001ff2        0x2 
 .text.HAL_I2C_Mem_Write
                0x0000000008001ff4      0x228 ./Drivers/STM32L4xx_HAL_Driver/Src/stm32l4xx_hal_i2c.o
                0x0000000008001ff4                HAL_I2C_Mem_Write
 .text.HAL_I2C_Mem_Read
                0x000000000800221c      0x234 ./Drivers/STM32L4xx_HAL_Driver/Src/stm32l4xx_hal_i2c.o
                0x000000000800221c                HAL_I2C_Mem_Read
 .text.I2C_RequestMemoryWrite
                0x0000000008002450       0xa8 ./Drivers/STM32L4xx_HAL_Driver/Src/stm32l4xx_hal_i2c.o
 .text.I2C_RequestMemoryRead
                0x00000000080024f8       0xa8 ./Drivers/STM32L4xx_HAL_Driver/Src/stm32l4xx_hal_i2c.o
 .text.I2C_Flush_TXDR
                0x00000000080025a0       0x48 ./Drivers/STM32L4xx_HAL_Driver/Src/stm32l4xx_hal_i2c.o
 .text.I2C_WaitOnFlagUntilTimeout
                0x00000000080025e8       0x80 ./Drivers/STM32L4xx_HAL_Driver/Src/stm32l4xx_hal_i2c.o
 .text.I2C_WaitOnTXISFlagUntilTimeout
                0x0000000008002668       0x80 ./Drivers/STM32L4xx_HAL_Driver/Src/stm32l4xx_hal_i2c.o
 .text.I2C_WaitOnSTOPFlagUntilTimeout
                0x00000000080026e8       0x78 ./Drivers/STM32L4xx_HAL_Driver/Src/stm32l4xx_hal_i2c.o
 .text.I2C_IsErrorOccurred
                0x0000000008002760      0x1d8 ./Drivers/STM32L4xx_HAL_Driver/Src/stm32l4xx_hal_i2c.o
 .text.I2C_TransferConfig
                0x0000000008002938       0x64 ./Drivers/STM32L4xx_HAL_Driver/Src/stm32l4xx_hal_i2c.o
 .text.HAL_I2CEx_ConfigAnalogFilter
                0x000000000800299c       0x96 ./Drivers/STM32L4xx_HAL_Driver/Src/stm32l4xx_hal_i2c_ex.o
                0x000000000800299c                HAL_I2CEx_ConfigAnalogFilter
 .text.HAL_I2CEx_ConfigDigitalFilter
                0x0000000008002a32       0x98 ./Drivers/STM32L4xx_HAL_Driver/Src/stm32l4xx_hal_i2c_ex.o
                0x0000000008002a32                HAL_I2CEx_ConfigDigitalFilter
 *fill*         0x0000000008002aca        0x2 
 .text.HAL_PWREx_GetVoltageRange
                0x0000000008002acc       0x1c ./Drivers/STM32L4xx_HAL_Driver/Src/stm32l4xx_hal_pwr_ex.o
                0x0000000008002acc                HAL_PWREx_GetVoltageRange
 .text.HAL_PWREx_ControlVoltageScaling
                0x0000000008002ae8       0xac ./Drivers/STM32L4xx_HAL_Driver/Src/stm32l4xx_hal_pwr_ex.o
                0x0000000008002ae8                HAL_PWREx_ControlVoltageScaling
 .text.HAL_RCC_OscConfig
                0x0000000008002b94      0x828 ./Drivers/STM32L4xx_HAL_Driver/Src/stm32l4xx_hal_rcc.o
                0x0000000008002b94                HAL_RCC_OscConfig
 .text.HAL_RCC_ClockConfig
                0x00000000080033bc      0x200 ./Drivers/STM32L4xx_HAL_Driver/Src/stm32l4xx_hal_rcc.o
                0x00000000080033bc                HAL_RCC_ClockConfig
 .text.HAL_RCC_GetSysClockFreq
                0x00000000080035bc      0x118 ./Drivers/STM32L4xx_HAL_Driver/Src/stm32l4xx_hal_rcc.o
                0x00000000080035bc                HAL_RCC_GetSysClockFreq
 .text.HAL_RCC_GetHCLKFreq
                0x00000000080036d4       0x18 ./Drivers/STM32L4xx_HAL_Driver/Src/stm32l4xx_hal_rcc.o
                0x00000000080036d4                HAL_RCC_GetHCLKFreq
 .text.HAL_RCC_GetPCLK1Freq
                0x00000000080036ec       0x2c ./Drivers/STM32L4xx_HAL_Driver/Src/stm32l4xx_hal_rcc.o
                0x00000000080036ec                HAL_RCC_GetPCLK1Freq
 .text.HAL_RCC_GetPCLK2Freq
                0x0000000008003718       0x2c ./Drivers/STM32L4xx_HAL_Driver/Src/stm32l4xx_hal_rcc.o
                0x0000000008003718                HAL_RCC_GetPCLK2Freq
 .text.HAL_RCC_GetClockConfig
                0x0000000008003744       0x64 ./Drivers/STM32L4xx_HAL_Driver/Src/stm32l4xx_hal_rcc.o
                0x0000000008003744                HAL_RCC_GetClockConfig
 .text.RCC_SetFlashLatencyFromMSIRange
                0x00000000080037a8       0xc0 ./Drivers/STM32L4xx_HAL_Driver/Src/stm32l4xx_hal_rcc.o
 .text.HAL_RCCEx_PeriphCLKConfig
                0x0000000008003868      0x430 ./Drivers/STM32L4xx_HAL_Driver/Src/stm32l4xx_hal_rcc_ex.o
                0x0000000008003868                HAL_RCCEx_PeriphCLKConfig
 .text.RCCEx_PLLSAI1_Config
                0x0000000008003c98      0x1e4 ./Drivers/STM32L4xx_HAL_Driver/Src/stm32l4xx_hal_rcc_ex.o
 .text.HAL_SPI_Init
                0x0000000008003e7c      0x146 ./Drivers/STM32L4xx_HAL_Driver/Src/stm32l4xx_hal_spi.o
                0x0000000008003e7c                HAL_SPI_Init
 .text.HAL_TIM_Base_Init
                0x0000000008003fc2       0xae ./Drivers/STM32L4xx_HAL_Driver/Src/stm32l4xx_hal_tim.o
                0x0000000008003fc2                HAL_TIM_Base_Init
 .text.HAL_TIM_Base_MspInit
                0x0000000008004070       0x14 ./Drivers/STM32L4xx_HAL_Driver/Src/stm32l4xx_hal_tim.o
                0x0000000008004070                HAL_TIM_Base_MspInit
 .text.HAL_TIM_Base_Start_IT
                0x0000000008004084       0xa8 ./Drivers/STM32L4xx_HAL_Driver/Src/stm32l4xx_hal_tim.o
                0x0000000008004084                HAL_TIM_Base_Start_IT
 .text.HAL_TIM_PWM_Init
                0x000000000800412c       0xae ./Drivers/STM32L4xx_HAL_Driver/Src/stm32l4xx_hal_tim.o
                0x000000000800412c                HAL_TIM_PWM_Init
 .text.HAL_TIM_IRQHandler
                0x00000000080041da      0x23e ./Drivers/STM32L4xx_HAL_Driver/Src/stm32l4xx_hal_tim.o
                0x00000000080041da                HAL_TIM_IRQHandler
 .text.HAL_TIM_PWM_ConfigChannel
                0x0000000008004418      0x228 ./Drivers/STM32L4xx_HAL_Driver/Src/stm32l4xx_hal_tim.o
                0x0000000008004418                HAL_TIM_PWM_ConfigChannel
 .text.HAL_TIM_OC_DelayElapsedCallback
                0x0000000008004640       0x14 ./Drivers/STM32L4xx_HAL_Driver/Src/stm32l4xx_hal_tim.o
                0x0000000008004640                HAL_TIM_OC_DelayElapsedCallback
 .text.HAL_TIM_IC_CaptureCallback
                0x0000000008004654       0x14 ./Drivers/STM32L4xx_HAL_Driver/Src/stm32l4xx_hal_tim.o
                0x0000000008004654                HAL_TIM_IC_CaptureCallback
 .text.HAL_TIM_PWM_PulseFinishedCallback
                0x0000000008004668       0x14 ./Drivers/STM32L4xx_HAL_Driver/Src/stm32l4xx_hal_tim.o
                0x0000000008004668                HAL_TIM_PWM_PulseFinishedCallback
 .text.HAL_TIM_TriggerCallback
                0x000000000800467c       0x14 ./Drivers/STM32L4xx_HAL_Driver/Src/stm32l4xx_hal_tim.o
                0x000000000800467c                HAL_TIM_TriggerCallback
 .text.TIM_Base_SetConfig
                0x0000000008004690       0xc8 ./Drivers/STM32L4xx_HAL_Driver/Src/stm32l4xx_hal_tim.o
                0x0000000008004690                TIM_Base_SetConfig
 .text.TIM_OC1_SetConfig
                0x0000000008004758       0xf8 ./Drivers/STM32L4xx_HAL_Driver/Src/stm32l4xx_hal_tim.o
 .text.TIM_OC2_SetConfig
                0x0000000008004850       0xf4 ./Drivers/STM32L4xx_HAL_Driver/Src/stm32l4xx_hal_tim.o
                0x0000000008004850                TIM_OC2_SetConfig
 .text.TIM_OC3_SetConfig
                0x0000000008004944       0xf0 ./Drivers/STM32L4xx_HAL_Driver/Src/stm32l4xx_hal_tim.o
 .text.TIM_OC4_SetConfig
                0x0000000008004a34       0xbc ./Drivers/STM32L4xx_HAL_Driver/Src/stm32l4xx_hal_tim.o
 .text.TIM_OC5_SetConfig
                0x0000000008004af0       0xb0 ./Drivers/STM32L4xx_HAL_Driver/Src/stm32l4xx_hal_tim.o
 .text.TIM_OC6_SetConfig
                0x0000000008004ba0       0xb4 ./Drivers/STM32L4xx_HAL_Driver/Src/stm32l4xx_hal_tim.o
 .text.HAL_TIMEx_MasterConfigSynchronization
                0x0000000008004c54       0xcc ./Drivers/STM32L4xx_HAL_Driver/Src/stm32l4xx_hal_tim_ex.o
                0x0000000008004c54                HAL_TIMEx_MasterConfigSynchronization
 .text.HAL_TIMEx_CommutCallback
                0x0000000008004d20       0x14 ./Drivers/STM32L4xx_HAL_Driver/Src/stm32l4xx_hal_tim_ex.o
                0x0000000008004d20                HAL_TIMEx_CommutCallback
 .text.HAL_TIMEx_BreakCallback
                0x0000000008004d34       0x14 ./Drivers/STM32L4xx_HAL_Driver/Src/stm32l4xx_hal_tim_ex.o
                0x0000000008004d34                HAL_TIMEx_BreakCallback
 .text.HAL_TIMEx_Break2Callback
                0x0000000008004d48       0x14 ./Drivers/STM32L4xx_HAL_Driver/Src/stm32l4xx_hal_tim_ex.o
                0x0000000008004d48                HAL_TIMEx_Break2Callback
 .text.HAL_UART_Init
                0x0000000008004d5c       0x9c ./Drivers/STM32L4xx_HAL_Driver/Src/stm32l4xx_hal_uart.o
                0x0000000008004d5c                HAL_UART_Init
 .text.HAL_UART_Transmit
                0x0000000008004df8      0x128 ./Drivers/STM32L4xx_HAL_Driver/Src/stm32l4xx_hal_uart.o
                0x0000000008004df8                HAL_UART_Transmit
 .text.UART_SetConfig
                0x0000000008004f20      0x4b4 ./Drivers/STM32L4xx_HAL_Driver/Src/stm32l4xx_hal_uart.o
                0x0000000008004f20                UART_SetConfig
 .text.UART_AdvFeatureConfig
                0x00000000080053d4      0x144 ./Drivers/STM32L4xx_HAL_Driver/Src/stm32l4xx_hal_uart.o
                0x00000000080053d4                UART_AdvFeatureConfig
 .text.UART_CheckIdleState
                0x0000000008005518       0x92 ./Drivers/STM32L4xx_HAL_Driver/Src/stm32l4xx_hal_uart.o
                0x0000000008005518                UART_CheckIdleState
 .text.UART_WaitOnFlagUntilTimeout
                0x00000000080055aa      0x188 ./Drivers/STM32L4xx_HAL_Driver/Src/stm32l4xx_hal_uart.o
                0x00000000080055aa                UART_WaitOnFlagUntilTimeout
 *fill*         0x0000000008005732        0x2 
 .text.__NVIC_SetPriority
                0x0000000008005734       0x54 ./Middlewares/Third_Party/FreeRTOS/Source/CMSIS_RTOS_V2/cmsis_os2.o
 .text.SysTick_Handler
                0x0000000008005788       0x20 ./Middlewares/Third_Party/FreeRTOS/Source/CMSIS_RTOS_V2/cmsis_os2.o
                0x0000000008005788                SysTick_Handler
 .text.SVC_Setup
                0x00000000080057a8       0x12 ./Middlewares/Third_Party/FreeRTOS/Source/CMSIS_RTOS_V2/cmsis_os2.o
 *fill*         0x00000000080057ba        0x2 
 .text.osKernelInitialize
                0x00000000080057bc       0x48 ./Middlewares/Third_Party/FreeRTOS/Source/CMSIS_RTOS_V2/cmsis_os2.o
                0x00000000080057bc                osKernelInitialize
 .text.osKernelStart
                0x0000000008005804       0x4c ./Middlewares/Third_Party/FreeRTOS/Source/CMSIS_RTOS_V2/cmsis_os2.o
                0x0000000008005804                osKernelStart
 .text.osThreadNew
                0x0000000008005850      0x124 ./Middlewares/Third_Party/FreeRTOS/Source/CMSIS_RTOS_V2/cmsis_os2.o
                0x0000000008005850                osThreadNew
 .text.osThreadSuspend
                0x0000000008005974       0x42 ./Middlewares/Third_Party/FreeRTOS/Source/CMSIS_RTOS_V2/cmsis_os2.o
                0x0000000008005974                osThreadSuspend
 .text.osDelay  0x00000000080059b6       0x36 ./Middlewares/Third_Party/FreeRTOS/Source/CMSIS_RTOS_V2/cmsis_os2.o
                0x00000000080059b6                osDelay
 .text.vApplicationGetIdleTaskMemory
                0x00000000080059ec       0x34 ./Middlewares/Third_Party/FreeRTOS/Source/CMSIS_RTOS_V2/cmsis_os2.o
                0x00000000080059ec                vApplicationGetIdleTaskMemory
 .text.vApplicationGetTimerTaskMemory
                0x0000000008005a20       0x34 ./Middlewares/Third_Party/FreeRTOS/Source/CMSIS_RTOS_V2/cmsis_os2.o
                0x0000000008005a20                vApplicationGetTimerTaskMemory
 .text.vListInitialise
                0x0000000008005a54       0x40 ./Middlewares/Third_Party/FreeRTOS/Source/list.o
                0x0000000008005a54                vListInitialise
 .text.vListInitialiseItem
                0x0000000008005a94       0x1a ./Middlewares/Third_Party/FreeRTOS/Source/list.o
                0x0000000008005a94                vListInitialiseItem
 .text.vListInsertEnd
                0x0000000008005aae       0x48 ./Middlewares/Third_Party/FreeRTOS/Source/list.o
                0x0000000008005aae                vListInsertEnd
 .text.vListInsert
                0x0000000008005af6       0x72 ./Middlewares/Third_Party/FreeRTOS/Source/list.o
                0x0000000008005af6                vListInsert
 .text.uxListRemove
                0x0000000008005b68       0x54 ./Middlewares/Third_Party/FreeRTOS/Source/list.o
                0x0000000008005b68                uxListRemove
 .text.xQueueGenericReset
                0x0000000008005bbc       0xd0 ./Middlewares/Third_Party/FreeRTOS/Source/queue.o
                0x0000000008005bbc                xQueueGenericReset
 .text.xQueueGenericCreateStatic
                0x0000000008005c8c       0xf0 ./Middlewares/Third_Party/FreeRTOS/Source/queue.o
                0x0000000008005c8c                xQueueGenericCreateStatic
 .text.prvInitialiseNewQueue
                0x0000000008005d7c       0x46 ./Middlewares/Third_Party/FreeRTOS/Source/queue.o
 *fill*         0x0000000008005dc2        0x2 
 .text.xQueueGenericSend
                0x0000000008005dc4      0x1fc ./Middlewares/Third_Party/FreeRTOS/Source/queue.o
                0x0000000008005dc4                xQueueGenericSend
 .text.xQueueGenericSendFromISR
                0x0000000008005fc0      0x136 ./Middlewares/Third_Party/FreeRTOS/Source/queue.o
                0x0000000008005fc0                xQueueGenericSendFromISR
 *fill*         0x00000000080060f6        0x2 
 .text.xQueueReceive
                0x00000000080060f8      0x1c0 ./Middlewares/Third_Party/FreeRTOS/Source/queue.o
                0x00000000080060f8                xQueueReceive
 .text.prvCopyDataToQueue
                0x00000000080062b8       0xd4 ./Middlewares/Third_Party/FreeRTOS/Source/queue.o
 .text.prvCopyDataFromQueue
                0x000000000800638c       0x4c ./Middlewares/Third_Party/FreeRTOS/Source/queue.o
 .text.prvUnlockQueue
                0x00000000080063d8       0xa4 ./Middlewares/Third_Party/FreeRTOS/Source/queue.o
 .text.prvIsQueueEmpty
                0x000000000800647c       0x2c ./Middlewares/Third_Party/FreeRTOS/Source/queue.o
 .text.prvIsQueueFull
                0x00000000080064a8       0x30 ./Middlewares/Third_Party/FreeRTOS/Source/queue.o
 .text.vQueueAddToRegistry
                0x00000000080064d8       0x54 ./Middlewares/Third_Party/FreeRTOS/Source/queue.o
                0x00000000080064d8                vQueueAddToRegistry
 .text.vQueueWaitForMessageRestricted
                0x000000000800652c       0x68 ./Middlewares/Third_Party/FreeRTOS/Source/queue.o
                0x000000000800652c                vQueueWaitForMessageRestricted
 .text.xTaskCreateStatic
                0x0000000008006594       0xba ./Middlewares/Third_Party/FreeRTOS/Source/tasks.o
                0x0000000008006594                xTaskCreateStatic
 .text.xTaskCreate
                0x000000000800664e       0x8a ./Middlewares/Third_Party/FreeRTOS/Source/tasks.o
                0x000000000800664e                xTaskCreate
 .text.prvInitialiseNewTask
                0x00000000080066d8      0x14c ./Middlewares/Third_Party/FreeRTOS/Source/tasks.o
 .text.prvAddNewTaskToReadyList
                0x0000000008006824       0xe0 ./Middlewares/Third_Party/FreeRTOS/Source/tasks.o
 .text.vTaskDelay
                0x0000000008006904       0x68 ./Middlewares/Third_Party/FreeRTOS/Source/tasks.o
                0x0000000008006904                vTaskDelay
 .text.vTaskSuspend
                0x000000000800696c       0xec ./Middlewares/Third_Party/FreeRTOS/Source/tasks.o
                0x000000000800696c                vTaskSuspend
 .text.vTaskStartScheduler
                0x0000000008006a58       0xe0 ./Middlewares/Third_Party/FreeRTOS/Source/tasks.o
                0x0000000008006a58                vTaskStartScheduler
 .text.vTaskSuspendAll
                0x0000000008006b38       0x1c ./Middlewares/Third_Party/FreeRTOS/Source/tasks.o
                0x0000000008006b38                vTaskSuspendAll
 .text.xTaskResumeAll
                0x0000000008006b54      0x13c ./Middlewares/Third_Party/FreeRTOS/Source/tasks.o
                0x0000000008006b54                xTaskResumeAll
 .text.xTaskGetTickCount
                0x0000000008006c90       0x20 ./Middlewares/Third_Party/FreeRTOS/Source/tasks.o
                0x0000000008006c90                xTaskGetTickCount
 .text.xTaskIncrementTick
                0x0000000008006cb0      0x174 ./Middlewares/Third_Party/FreeRTOS/Source/tasks.o
                0x0000000008006cb0                xTaskIncrementTick
 .text.vTaskSwitchContext
                0x0000000008006e24       0xc8 ./Middlewares/Third_Party/FreeRTOS/Source/tasks.o
                0x0000000008006e24                vTaskSwitchContext
 .text.vTaskPlaceOnEventList
                0x0000000008006eec       0x48 ./Middlewares/Third_Party/FreeRTOS/Source/tasks.o
                0x0000000008006eec                vTaskPlaceOnEventList
 .text.vTaskPlaceOnEventListRestricted
                0x0000000008006f34       0x58 ./Middlewares/Third_Party/FreeRTOS/Source/tasks.o
                0x0000000008006f34                vTaskPlaceOnEventListRestricted
 .text.xTaskRemoveFromEventList
                0x0000000008006f8c       0xc8 ./Middlewares/Third_Party/FreeRTOS/Source/tasks.o
                0x0000000008006f8c                xTaskRemoveFromEventList
 .text.vTaskInternalSetTimeOutState
                0x0000000008007054       0x2c ./Middlewares/Third_Party/FreeRTOS/Source/tasks.o
                0x0000000008007054                vTaskInternalSetTimeOutState
 .text.xTaskCheckForTimeOut
                0x0000000008007080       0xc4 ./Middlewares/Third_Party/FreeRTOS/Source/tasks.o
                0x0000000008007080                xTaskCheckForTimeOut
 .text.vTaskMissedYield
                0x0000000008007144       0x18 ./Middlewares/Third_Party/FreeRTOS/Source/tasks.o
                0x0000000008007144                vTaskMissedYield
 .text.prvIdleTask
                0x000000000800715c       0x34 ./Middlewares/Third_Party/FreeRTOS/Source/tasks.o
 .text.prvInitialiseTaskLists
                0x0000000008007190       0x80 ./Middlewares/Third_Party/FreeRTOS/Source/tasks.o
 .text.prvCheckTasksWaitingTermination
                0x0000000008007210       0x5c ./Middlewares/Third_Party/FreeRTOS/Source/tasks.o
 .text.prvDeleteTCB
                0x000000000800726c       0x68 ./Middlewares/Third_Party/FreeRTOS/Source/tasks.o
 .text.prvResetNextTaskUnblockTime
                0x00000000080072d4       0x40 ./Middlewares/Third_Party/FreeRTOS/Source/tasks.o
 .text.xTaskGetSchedulerState
                0x0000000008007314       0x3c ./Middlewares/Third_Party/FreeRTOS/Source/tasks.o
                0x0000000008007314                xTaskGetSchedulerState
 .text.xTaskPriorityDisinherit
                0x0000000008007350       0xdc ./Middlewares/Third_Party/FreeRTOS/Source/tasks.o
                0x0000000008007350                xTaskPriorityDisinherit
 .text.prvAddCurrentTaskToDelayedList
                0x000000000800742c       0xa8 ./Middlewares/Third_Party/FreeRTOS/Source/tasks.o
 .text.xTimerCreateTimerTask
                0x00000000080074d4       0x90 ./Middlewares/Third_Party/FreeRTOS/Source/timers.o
                0x00000000080074d4                xTimerCreateTimerTask
 .text.xTimerGenericCommand
                0x0000000008007564       0x9c ./Middlewares/Third_Party/FreeRTOS/Source/timers.o
                0x0000000008007564                xTimerGenericCommand
 .text.prvProcessExpiredTimer
                0x0000000008007600       0x98 ./Middlewares/Third_Party/FreeRTOS/Source/timers.o
 .text.prvTimerTask
                0x0000000008007698       0x24 ./Middlewares/Third_Party/FreeRTOS/Source/timers.o
 .text.prvProcessTimerOrBlockTask
                0x00000000080076bc       0x9c ./Middlewares/Third_Party/FreeRTOS/Source/timers.o
 .text.prvGetNextExpireTime
                0x0000000008007758       0x48 ./Middlewares/Third_Party/FreeRTOS/Source/timers.o
 .text.prvSampleTimeNow
                0x00000000080077a0       0x40 ./Middlewares/Third_Party/FreeRTOS/Source/timers.o
 .text.prvInsertTimerInActiveList
                0x00000000080077e0       0x84 ./Middlewares/Third_Party/FreeRTOS/Source/timers.o
 .text.prvProcessReceivedCommands
                0x0000000008007864      0x1c4 ./Middlewares/Third_Party/FreeRTOS/Source/timers.o
 .text.prvSwitchTimerLists
                0x0000000008007a28       0xc8 ./Middlewares/Third_Party/FreeRTOS/Source/timers.o
 .text.prvCheckForValidListAndQueue
                0x0000000008007af0       0x80 ./Middlewares/Third_Party/FreeRTOS/Source/timers.o
 .text.pxPortInitialiseStack
                0x0000000008007b70       0x68 ./Middlewares/Third_Party/FreeRTOS/Source/portable/GCC/ARM_CM4F/port.o
                0x0000000008007b70                pxPortInitialiseStack
 .text.prvTaskExitError
                0x0000000008007bd8       0x58 ./Middlewares/Third_Party/FreeRTOS/Source/portable/GCC/ARM_CM4F/port.o
 .text.SVC_Handler
                0x0000000008007c30       0x28 ./Middlewares/Third_Party/FreeRTOS/Source/portable/GCC/ARM_CM4F/port.o
                0x0000000008007c30                SVC_Handler
 .text.prvPortStartFirstTask
                0x0000000008007c58       0x28 ./Middlewares/Third_Party/FreeRTOS/Source/portable/GCC/ARM_CM4F/port.o
 .text.xPortStartScheduler
                0x0000000008007c80      0x144 ./Middlewares/Third_Party/FreeRTOS/Source/portable/GCC/ARM_CM4F/port.o
                0x0000000008007c80                xPortStartScheduler
 .text.vPortEnterCritical
                0x0000000008007dc4       0x60 ./Middlewares/Third_Party/FreeRTOS/Source/portable/GCC/ARM_CM4F/port.o
                0x0000000008007dc4                vPortEnterCritical
 .text.vPortExitCritical
                0x0000000008007e24       0x54 ./Middlewares/Third_Party/FreeRTOS/Source/portable/GCC/ARM_CM4F/port.o
                0x0000000008007e24                vPortExitCritical
 *fill*         0x0000000008007e78        0x8 
 .text.PendSV_Handler
                0x0000000008007e80       0x68 ./Middlewares/Third_Party/FreeRTOS/Source/portable/GCC/ARM_CM4F/port.o
                0x0000000008007e80                PendSV_Handler
 .text.xPortSysTickHandler
                0x0000000008007ee8       0x44 ./Middlewares/Third_Party/FreeRTOS/Source/portable/GCC/ARM_CM4F/port.o
                0x0000000008007ee8                xPortSysTickHandler
 .text.vPortSetupTimerInterrupt
                0x0000000008007f2c       0x48 ./Middlewares/Third_Party/FreeRTOS/Source/portable/GCC/ARM_CM4F/port.o
                0x0000000008007f2c                vPortSetupTimerInterrupt
 .text.vPortEnableVFP
                0x0000000008007f74       0x14 ./Middlewares/Third_Party/FreeRTOS/Source/portable/GCC/ARM_CM4F/port.o
 .text.vPortValidateInterruptPriority
                0x0000000008007f88       0x80 ./Middlewares/Third_Party/FreeRTOS/Source/portable/GCC/ARM_CM4F/port.o
                0x0000000008007f88                vPortValidateInterruptPriority
 .text.pvPortMalloc
                0x0000000008008008      0x198 ./Middlewares/Third_Party/FreeRTOS/Source/portable/MemMang/heap_4.o
                0x0000000008008008                pvPortMalloc
 .text.vPortFree
                0x00000000080081a0       0xc4 ./Middlewares/Third_Party/FreeRTOS/Source/portable/MemMang/heap_4.o
                0x00000000080081a0                vPortFree
 .text.prvHeapInit
                0x0000000008008264       0xc4 ./Middlewares/Third_Party/FreeRTOS/Source/portable/MemMang/heap_4.o
 .text.prvInsertBlockIntoFreeList
                0x0000000008008328       0xb4 ./Middlewares/Third_Party/FreeRTOS/Source/portable/MemMang/heap_4.o
 .text.__libc_init_array
                0x00000000080083dc       0x48 /home/carlos/st/stm32cubeide_1.11.2/plugins/com.st.stm32cube.ide.mcu.externaltools.gnu-tools-for-stm32.10.3-2021.10.linux64_1.0.100.202210260954/tools/bin/../lib/gcc/arm-none-eabi/10.3.1/../../../../arm-none-eabi/lib/thumb/v7e-m+fp/hard/libc_nano.a(lib_a-init.o)
                0x00000000080083dc                __libc_init_array
 .text.__retarget_lock_acquire_recursive
                0x0000000008008424        0x2 /home/carlos/st/stm32cubeide_1.11.2/plugins/com.st.stm32cube.ide.mcu.externaltools.gnu-tools-for-stm32.10.3-2021.10.linux64_1.0.100.202210260954/tools/bin/../lib/gcc/arm-none-eabi/10.3.1/../../../../arm-none-eabi/lib/thumb/v7e-m+fp/hard/libc_nano.a(lib_a-lock.o)
                0x0000000008008424                __retarget_lock_acquire_recursive
 .text.__retarget_lock_release_recursive
                0x0000000008008426        0x2 /home/carlos/st/stm32cubeide_1.11.2/plugins/com.st.stm32cube.ide.mcu.externaltools.gnu-tools-for-stm32.10.3-2021.10.linux64_1.0.100.202210260954/tools/bin/../lib/gcc/arm-none-eabi/10.3.1/../../../../arm-none-eabi/lib/thumb/v7e-m+fp/hard/libc_nano.a(lib_a-lock.o)
                0x0000000008008426                __retarget_lock_release_recursive
 .text.memcpy   0x0000000008008428       0x1c /home/carlos/st/stm32cubeide_1.11.2/plugins/com.st.stm32cube.ide.mcu.externaltools.gnu-tools-for-stm32.10.3-2021.10.linux64_1.0.100.202210260954/tools/bin/../lib/gcc/arm-none-eabi/10.3.1/../../../../arm-none-eabi/lib/thumb/v7e-m+fp/hard/libc_nano.a(lib_a-memcpy-stub.o)
                0x0000000008008428                memcpy
 .text.memset   0x0000000008008444       0x10 /home/carlos/st/stm32cubeide_1.11.2/plugins/com.st.stm32cube.ide.mcu.externaltools.gnu-tools-for-stm32.10.3-2021.10.linux64_1.0.100.202210260954/tools/bin/../lib/gcc/arm-none-eabi/10.3.1/../../../../arm-none-eabi/lib/thumb/v7e-m+fp/hard/libc_nano.a(lib_a-memset.o)
                0x0000000008008444                memset
 .text.cleanup_glue
                0x0000000008008454       0x1a /home/carlos/st/stm32cubeide_1.11.2/plugins/com.st.stm32cube.ide.mcu.externaltools.gnu-tools-for-stm32.10.3-2021.10.linux64_1.0.100.202210260954/tools/bin/../lib/gcc/arm-none-eabi/10.3.1/../../../../arm-none-eabi/lib/thumb/v7e-m+fp/hard/libc_nano.a(lib_a-reent.o)
                0x0000000008008454                cleanup_glue
 *fill*         0x000000000800846e        0x2 
 .text._reclaim_reent
                0x0000000008008470       0xb8 /home/carlos/st/stm32cubeide_1.11.2/plugins/com.st.stm32cube.ide.mcu.externaltools.gnu-tools-for-stm32.10.3-2021.10.linux64_1.0.100.202210260954/tools/bin/../lib/gcc/arm-none-eabi/10.3.1/../../../../arm-none-eabi/lib/thumb/v7e-m+fp/hard/libc_nano.a(lib_a-reent.o)
                0x0000000008008470                _reclaim_reent
 .text.__malloc_lock
                0x0000000008008528        0xc /home/carlos/st/stm32cubeide_1.11.2/plugins/com.st.stm32cube.ide.mcu.externaltools.gnu-tools-for-stm32.10.3-2021.10.linux64_1.0.100.202210260954/tools/bin/../lib/gcc/arm-none-eabi/10.3.1/../../../../arm-none-eabi/lib/thumb/v7e-m+fp/hard/libc_nano.a(lib_a-mlock.o)
                0x0000000008008528                __malloc_lock
 .text.__malloc_unlock
                0x0000000008008534        0xc /home/carlos/st/stm32cubeide_1.11.2/plugins/com.st.stm32cube.ide.mcu.externaltools.gnu-tools-for-stm32.10.3-2021.10.linux64_1.0.100.202210260954/tools/bin/../lib/gcc/arm-none-eabi/10.3.1/../../../../arm-none-eabi/lib/thumb/v7e-m+fp/hard/libc_nano.a(lib_a-mlock.o)
                0x0000000008008534                __malloc_unlock
 .text._free_r  0x0000000008008540       0x98 /home/carlos/st/stm32cubeide_1.11.2/plugins/com.st.stm32cube.ide.mcu.externaltools.gnu-tools-for-stm32.10.3-2021.10.linux64_1.0.100.202210260954/tools/bin/../lib/gcc/arm-none-eabi/10.3.1/../../../../arm-none-eabi/lib/thumb/v7e-m+fp/hard/libc_nano.a(lib_a-nano-freer.o)
                0x0000000008008540                _free_r
 *(.glue_7)
 .glue_7        0x00000000080085d8        0x0 linker stubs
 *(.glue_7t)
 .glue_7t       0x00000000080085d8        0x0 linker stubs
 *(.eh_frame)
 .eh_frame      0x00000000080085d8        0x0 /home/carlos/st/stm32cubeide_1.11.2/plugins/com.st.stm32cube.ide.mcu.externaltools.gnu-tools-for-stm32.10.3-2021.10.linux64_1.0.100.202210260954/tools/bin/../lib/gcc/arm-none-eabi/10.3.1/thumb/v7e-m+fp/hard/crtbegin.o
 *(.init)
 .init          0x00000000080085d8        0x4 /home/carlos/st/stm32cubeide_1.11.2/plugins/com.st.stm32cube.ide.mcu.externaltools.gnu-tools-for-stm32.10.3-2021.10.linux64_1.0.100.202210260954/tools/bin/../lib/gcc/arm-none-eabi/10.3.1/thumb/v7e-m+fp/hard/crti.o
                0x00000000080085d8                _init
 .init          0x00000000080085dc        0x8 /home/carlos/st/stm32cubeide_1.11.2/plugins/com.st.stm32cube.ide.mcu.externaltools.gnu-tools-for-stm32.10.3-2021.10.linux64_1.0.100.202210260954/tools/bin/../lib/gcc/arm-none-eabi/10.3.1/thumb/v7e-m+fp/hard/crtn.o
 *(.fini)
 .fini          0x00000000080085e4        0x4 /home/carlos/st/stm32cubeide_1.11.2/plugins/com.st.stm32cube.ide.mcu.externaltools.gnu-tools-for-stm32.10.3-2021.10.linux64_1.0.100.202210260954/tools/bin/../lib/gcc/arm-none-eabi/10.3.1/thumb/v7e-m+fp/hard/crti.o
                0x00000000080085e4                _fini
 .fini          0x00000000080085e8        0x8 /home/carlos/st/stm32cubeide_1.11.2/plugins/com.st.stm32cube.ide.mcu.externaltools.gnu-tools-for-stm32.10.3-2021.10.linux64_1.0.100.202210260954/tools/bin/../lib/gcc/arm-none-eabi/10.3.1/thumb/v7e-m+fp/hard/crtn.o
                0x00000000080085f0                . = ALIGN (0x4)
                0x00000000080085f0                _etext = .

.vfp11_veneer   0x00000000080085f0        0x0
 .vfp11_veneer  0x00000000080085f0        0x0 linker stubs

.v4_bx          0x00000000080085f0        0x0
 .v4_bx         0x00000000080085f0        0x0 linker stubs

.iplt           0x00000000080085f0        0x0
 .iplt          0x00000000080085f0        0x0 /home/carlos/st/stm32cubeide_1.11.2/plugins/com.st.stm32cube.ide.mcu.externaltools.gnu-tools-for-stm32.10.3-2021.10.linux64_1.0.100.202210260954/tools/bin/../lib/gcc/arm-none-eabi/10.3.1/thumb/v7e-m+fp/hard/crtbegin.o

.rodata         0x00000000080085f0      0x154
                0x00000000080085f0                . = ALIGN (0x4)
 *(.rodata)
 .rodata        0x00000000080085f0       0x23 ./Core/Src/main.o
 *fill*         0x0000000008008613        0x1 
 .rodata        0x0000000008008614        0x5 ./Middlewares/Third_Party/FreeRTOS/Source/tasks.o
 *fill*         0x0000000008008619        0x3 
 .rodata        0x000000000800861c        0xd ./Middlewares/Third_Party/FreeRTOS/Source/timers.o
 *(.rodata*)
 *fill*         0x0000000008008629        0x3 
 .rodata.BUS_PACKET_FRAME_SYNC
                0x000000000800862c        0x4 ./Core/Src/bus_packet.o
                0x000000000800862c                BUS_PACKET_FRAME_SYNC
 .rodata.MPPT_IC_attributes
                0x0000000008008630       0x24 ./Core/Src/main.o
                0x0000000008008630                MPPT_IC_attributes
 .rodata.ReportStatus_attributes
                0x0000000008008654       0x24 ./Core/Src/main.o
                0x0000000008008654                ReportStatus_attributes
 .rodata.PowerRails_attributes
                0x0000000008008678       0x24 ./Core/Src/main.o
                0x0000000008008678                PowerRails_attributes
 .rodata.AHBPrescTable
                0x000000000800869c       0x10 ./Core/Src/system_stm32l4xx.o
                0x000000000800869c                AHBPrescTable
 .rodata.APBPrescTable
                0x00000000080086ac        0x8 ./Core/Src/system_stm32l4xx.o
                0x00000000080086ac                APBPrescTable
 .rodata.MSIRangeTable
                0x00000000080086b4       0x30 ./Core/Src/system_stm32l4xx.o
                0x00000000080086b4                MSIRangeTable
 .rodata.__sf_fake_stderr
                0x00000000080086e4       0x20 /home/carlos/st/stm32cubeide_1.11.2/plugins/com.st.stm32cube.ide.mcu.externaltools.gnu-tools-for-stm32.10.3-2021.10.linux64_1.0.100.202210260954/tools/bin/../lib/gcc/arm-none-eabi/10.3.1/../../../../arm-none-eabi/lib/thumb/v7e-m+fp/hard/libc_nano.a(lib_a-findfp.o)
                0x00000000080086e4                __sf_fake_stderr
 .rodata.__sf_fake_stdin
                0x0000000008008704       0x20 /home/carlos/st/stm32cubeide_1.11.2/plugins/com.st.stm32cube.ide.mcu.externaltools.gnu-tools-for-stm32.10.3-2021.10.linux64_1.0.100.202210260954/tools/bin/../lib/gcc/arm-none-eabi/10.3.1/../../../../arm-none-eabi/lib/thumb/v7e-m+fp/hard/libc_nano.a(lib_a-findfp.o)
                0x0000000008008704                __sf_fake_stdin
 .rodata.__sf_fake_stdout
                0x0000000008008724       0x20 /home/carlos/st/stm32cubeide_1.11.2/plugins/com.st.stm32cube.ide.mcu.externaltools.gnu-tools-for-stm32.10.3-2021.10.linux64_1.0.100.202210260954/tools/bin/../lib/gcc/arm-none-eabi/10.3.1/../../../../arm-none-eabi/lib/thumb/v7e-m+fp/hard/libc_nano.a(lib_a-findfp.o)
                0x0000000008008724                __sf_fake_stdout
                0x0000000008008744                . = ALIGN (0x4)

.ARM.extab      0x0000000008008744        0x0
                0x0000000008008744                . = ALIGN (0x4)
 *(.ARM.extab* .gnu.linkonce.armextab.*)
                0x0000000008008744                . = ALIGN (0x4)

.ARM            0x0000000008008744        0x8
                0x0000000008008744                . = ALIGN (0x4)
                0x0000000008008744                __exidx_start = .
 *(.ARM.exidx*)
 .ARM.exidx     0x0000000008008744        0x8 /home/carlos/st/stm32cubeide_1.11.2/plugins/com.st.stm32cube.ide.mcu.externaltools.gnu-tools-for-stm32.10.3-2021.10.linux64_1.0.100.202210260954/tools/bin/../lib/gcc/arm-none-eabi/10.3.1/thumb/v7e-m+fp/hard/libgcc.a(_udivmoddi4.o)
                0x000000000800874c                __exidx_end = .
                0x000000000800874c                . = ALIGN (0x4)

.rel.dyn        0x000000000800874c        0x0
 .rel.iplt      0x000000000800874c        0x0 /home/carlos/st/stm32cubeide_1.11.2/plugins/com.st.stm32cube.ide.mcu.externaltools.gnu-tools-for-stm32.10.3-2021.10.linux64_1.0.100.202210260954/tools/bin/../lib/gcc/arm-none-eabi/10.3.1/thumb/v7e-m+fp/hard/crtbegin.o

.preinit_array  0x000000000800874c        0x0
                0x000000000800874c                . = ALIGN (0x4)
                0x000000000800874c                PROVIDE (__preinit_array_start = .)
 *(.preinit_array*)
                0x000000000800874c                PROVIDE (__preinit_array_end = .)
                0x000000000800874c                . = ALIGN (0x4)

.init_array     0x000000000800874c        0x4
                0x000000000800874c                . = ALIGN (0x4)
                0x000000000800874c                PROVIDE (__init_array_start = .)
 *(SORT_BY_NAME(.init_array.*))
 *(.init_array*)
 .init_array    0x000000000800874c        0x4 /home/carlos/st/stm32cubeide_1.11.2/plugins/com.st.stm32cube.ide.mcu.externaltools.gnu-tools-for-stm32.10.3-2021.10.linux64_1.0.100.202210260954/tools/bin/../lib/gcc/arm-none-eabi/10.3.1/thumb/v7e-m+fp/hard/crtbegin.o
                0x0000000008008750                PROVIDE (__init_array_end = .)
                0x0000000008008750                . = ALIGN (0x4)

.fini_array     0x0000000008008750        0x4
                0x0000000008008750                . = ALIGN (0x4)
                [!provide]                        PROVIDE (__fini_array_start = .)
 *(SORT_BY_NAME(.fini_array.*))
 *(.fini_array*)
 .fini_array    0x0000000008008750        0x4 /home/carlos/st/stm32cubeide_1.11.2/plugins/com.st.stm32cube.ide.mcu.externaltools.gnu-tools-for-stm32.10.3-2021.10.linux64_1.0.100.202210260954/tools/bin/../lib/gcc/arm-none-eabi/10.3.1/thumb/v7e-m+fp/hard/crtbegin.o
                [!provide]                        PROVIDE (__fini_array_end = .)
                0x0000000008008754                . = ALIGN (0x4)
                0x0000000008008754                _sidata = LOADADDR (.data)

.data           0x0000000020000000       0x74 load address 0x0000000008008754
                0x0000000020000000                . = ALIGN (0x4)
                0x0000000020000000                _sdata = .
 *(.data)
 *(.data*)
 .data.SystemCoreClock
                0x0000000020000000        0x4 ./Core/Src/system_stm32l4xx.o
                0x0000000020000000                SystemCoreClock
 .data.uwTickPrio
                0x0000000020000004        0x4 ./Drivers/STM32L4xx_HAL_Driver/Src/stm32l4xx_hal.o
                0x0000000020000004                uwTickPrio
 .data.uwTickFreq
                0x0000000020000008        0x1 ./Drivers/STM32L4xx_HAL_Driver/Src/stm32l4xx_hal.o
                0x0000000020000008                uwTickFreq
 *fill*         0x0000000020000009        0x3 
 .data.uxCriticalNesting
                0x000000002000000c        0x4 ./Middlewares/Third_Party/FreeRTOS/Source/portable/GCC/ARM_CM4F/port.o
 .data._impure_ptr
                0x0000000020000010        0x4 /home/carlos/st/stm32cubeide_1.11.2/plugins/com.st.stm32cube.ide.mcu.externaltools.gnu-tools-for-stm32.10.3-2021.10.linux64_1.0.100.202210260954/tools/bin/../lib/gcc/arm-none-eabi/10.3.1/../../../../arm-none-eabi/lib/thumb/v7e-m+fp/hard/libc_nano.a(lib_a-impure.o)
                0x0000000020000010                _impure_ptr
 .data.impure_data
                0x0000000020000014       0x60 /home/carlos/st/stm32cubeide_1.11.2/plugins/com.st.stm32cube.ide.mcu.externaltools.gnu-tools-for-stm32.10.3-2021.10.linux64_1.0.100.202210260954/tools/bin/../lib/gcc/arm-none-eabi/10.3.1/../../../../arm-none-eabi/lib/thumb/v7e-m+fp/hard/libc_nano.a(lib_a-impure.o)
 *(.RamFunc)
 *(.RamFunc*)
                0x0000000020000074                . = ALIGN (0x4)
                0x0000000020000074                _edata = .

.igot.plt       0x0000000020000074        0x0 load address 0x00000000080087c8
 .igot.plt      0x0000000020000074        0x0 /home/carlos/st/stm32cubeide_1.11.2/plugins/com.st.stm32cube.ide.mcu.externaltools.gnu-tools-for-stm32.10.3-2021.10.linux64_1.0.100.202210260954/tools/bin/../lib/gcc/arm-none-eabi/10.3.1/thumb/v7e-m+fp/hard/crtbegin.o
                0x0000000020000074                . = ALIGN (0x4)

.bss            0x0000000020000074     0x31ac load address 0x00000000080087c8
                0x0000000020000074                _sbss = .
                0x0000000020000074                __bss_start__ = _sbss
 *(.bss)
 .bss           0x0000000020000074       0x1c /home/carlos/st/stm32cubeide_1.11.2/plugins/com.st.stm32cube.ide.mcu.externaltools.gnu-tools-for-stm32.10.3-2021.10.linux64_1.0.100.202210260954/tools/bin/../lib/gcc/arm-none-eabi/10.3.1/thumb/v7e-m+fp/hard/crtbegin.o
 *(.bss*)
 .bss.dev       0x0000000020000090        0x4 ./Core/Src/LTC4168.o
 .bss.cell_count.1
                0x0000000020000094        0x2 ./Core/Src/LTC4168.o
 .bss.read_data.0
                0x0000000020000096        0x2 ./Core/Src/LTC4168.o
 .bss.hcrc      0x0000000020000098       0x24 ./Core/Src/main.o
                0x0000000020000098                hcrc
 .bss.hi2c1     0x00000000200000bc       0x54 ./Core/Src/main.o
                0x00000000200000bc                hi2c1
 .bss.hi2c2     0x0000000020000110       0x54 ./Core/Src/main.o
                0x0000000020000110                hi2c2
 .bss.hspi1     0x0000000020000164       0x64 ./Core/Src/main.o
                0x0000000020000164                hspi1
 .bss.htim2     0x00000000200001c8       0x4c ./Core/Src/main.o
                0x00000000200001c8                htim2
 .bss.huart3    0x0000000020000214       0x84 ./Core/Src/main.o
                0x0000000020000214                huart3
 .bss.MPPT_ICHandle
                0x0000000020000298        0x4 ./Core/Src/main.o
                0x0000000020000298                MPPT_ICHandle
 .bss.ReportStatusHandle
                0x000000002000029c        0x4 ./Core/Src/main.o
                0x000000002000029c                ReportStatusHandle
 .bss.PowerRailsHandle
                0x00000000200002a0        0x4 ./Core/Src/main.o
                0x00000000200002a0                PowerRailsHandle
 .bss.telemetry
                0x00000000200002a4       0x14 ./Core/Src/main.o
 .bss.buf.0     0x00000000200002b8       0x7f ./Core/Src/main.o
 *fill*         0x0000000020000337        0x1 
 .bss.htim1     0x0000000020000338       0x4c ./Core/Src/stm32l4xx_hal_timebase_tim.o
                0x0000000020000338                htim1
 .bss.uwTick    0x0000000020000384        0x4 ./Drivers/STM32L4xx_HAL_Driver/Src/stm32l4xx_hal.o
                0x0000000020000384                uwTick
 .bss.KernelState
                0x0000000020000388        0x4 ./Middlewares/Third_Party/FreeRTOS/Source/CMSIS_RTOS_V2/cmsis_os2.o
 .bss.Idle_TCB.3
                0x000000002000038c       0xbc ./Middlewares/Third_Party/FreeRTOS/Source/CMSIS_RTOS_V2/cmsis_os2.o
 .bss.Idle_Stack.2
                0x0000000020000448      0x200 ./Middlewares/Third_Party/FreeRTOS/Source/CMSIS_RTOS_V2/cmsis_os2.o
 .bss.Timer_TCB.1
                0x0000000020000648       0xbc ./Middlewares/Third_Party/FreeRTOS/Source/CMSIS_RTOS_V2/cmsis_os2.o
 .bss.Timer_Stack.0
                0x0000000020000704      0x400 ./Middlewares/Third_Party/FreeRTOS/Source/CMSIS_RTOS_V2/cmsis_os2.o
 .bss.xQueueRegistry
                0x0000000020000b04       0x40 ./Middlewares/Third_Party/FreeRTOS/Source/queue.o
                0x0000000020000b04                xQueueRegistry
 .bss.pxCurrentTCB
                0x0000000020000b44        0x4 ./Middlewares/Third_Party/FreeRTOS/Source/tasks.o
                0x0000000020000b44                pxCurrentTCB
 .bss.pxReadyTasksLists
                0x0000000020000b48      0x460 ./Middlewares/Third_Party/FreeRTOS/Source/tasks.o
 .bss.xDelayedTaskList1
                0x0000000020000fa8       0x14 ./Middlewares/Third_Party/FreeRTOS/Source/tasks.o
 .bss.xDelayedTaskList2
                0x0000000020000fbc       0x14 ./Middlewares/Third_Party/FreeRTOS/Source/tasks.o
 .bss.pxDelayedTaskList
                0x0000000020000fd0        0x4 ./Middlewares/Third_Party/FreeRTOS/Source/tasks.o
 .bss.pxOverflowDelayedTaskList
                0x0000000020000fd4        0x4 ./Middlewares/Third_Party/FreeRTOS/Source/tasks.o
 .bss.xPendingReadyList
                0x0000000020000fd8       0x14 ./Middlewares/Third_Party/FreeRTOS/Source/tasks.o
 .bss.xTasksWaitingTermination
                0x0000000020000fec       0x14 ./Middlewares/Third_Party/FreeRTOS/Source/tasks.o
 .bss.uxDeletedTasksWaitingCleanUp
                0x0000000020001000        0x4 ./Middlewares/Third_Party/FreeRTOS/Source/tasks.o
 .bss.xSuspendedTaskList
                0x0000000020001004       0x14 ./Middlewares/Third_Party/FreeRTOS/Source/tasks.o
 .bss.uxCurrentNumberOfTasks
                0x0000000020001018        0x4 ./Middlewares/Third_Party/FreeRTOS/Source/tasks.o
 .bss.xTickCount
                0x000000002000101c        0x4 ./Middlewares/Third_Party/FreeRTOS/Source/tasks.o
 .bss.uxTopReadyPriority
                0x0000000020001020        0x4 ./Middlewares/Third_Party/FreeRTOS/Source/tasks.o
 .bss.xSchedulerRunning
                0x0000000020001024        0x4 ./Middlewares/Third_Party/FreeRTOS/Source/tasks.o
 .bss.xPendedTicks
                0x0000000020001028        0x4 ./Middlewares/Third_Party/FreeRTOS/Source/tasks.o
 .bss.xYieldPending
                0x000000002000102c        0x4 ./Middlewares/Third_Party/FreeRTOS/Source/tasks.o
 .bss.xNumOfOverflows
                0x0000000020001030        0x4 ./Middlewares/Third_Party/FreeRTOS/Source/tasks.o
 .bss.uxTaskNumber
                0x0000000020001034        0x4 ./Middlewares/Third_Party/FreeRTOS/Source/tasks.o
 .bss.xNextTaskUnblockTime
                0x0000000020001038        0x4 ./Middlewares/Third_Party/FreeRTOS/Source/tasks.o
 .bss.xIdleTaskHandle
                0x000000002000103c        0x4 ./Middlewares/Third_Party/FreeRTOS/Source/tasks.o
 .bss.uxSchedulerSuspended
                0x0000000020001040        0x4 ./Middlewares/Third_Party/FreeRTOS/Source/tasks.o
 .bss.xActiveTimerList1
                0x0000000020001044       0x14 ./Middlewares/Third_Party/FreeRTOS/Source/timers.o
 .bss.xActiveTimerList2
                0x0000000020001058       0x14 ./Middlewares/Third_Party/FreeRTOS/Source/timers.o
 .bss.pxCurrentTimerList
                0x000000002000106c        0x4 ./Middlewares/Third_Party/FreeRTOS/Source/timers.o
 .bss.pxOverflowTimerList
                0x0000000020001070        0x4 ./Middlewares/Third_Party/FreeRTOS/Source/timers.o
 .bss.xTimerQueue
                0x0000000020001074        0x4 ./Middlewares/Third_Party/FreeRTOS/Source/timers.o
 .bss.xTimerTaskHandle
                0x0000000020001078        0x4 ./Middlewares/Third_Party/FreeRTOS/Source/timers.o
 .bss.xLastTime.2
                0x000000002000107c        0x4 ./Middlewares/Third_Party/FreeRTOS/Source/timers.o
 .bss.ucStaticTimerQueueStorage.1
                0x0000000020001080       0xa0 ./Middlewares/Third_Party/FreeRTOS/Source/timers.o
 .bss.xStaticTimerQueue.0
                0x0000000020001120       0x50 ./Middlewares/Third_Party/FreeRTOS/Source/timers.o
 .bss.ucMaxSysCallPriority
                0x0000000020001170        0x1 ./Middlewares/Third_Party/FreeRTOS/Source/portable/GCC/ARM_CM4F/port.o
 *fill*         0x0000000020001171        0x3 
 .bss.ulMaxPRIGROUPValue
                0x0000000020001174        0x4 ./Middlewares/Third_Party/FreeRTOS/Source/portable/GCC/ARM_CM4F/port.o
 .bss.ucHeap    0x0000000020001178     0x2080 ./Middlewares/Third_Party/FreeRTOS/Source/portable/MemMang/heap_4.o
 .bss.xStart    0x00000000200031f8        0x8 ./Middlewares/Third_Party/FreeRTOS/Source/portable/MemMang/heap_4.o
 .bss.pxEnd     0x0000000020003200        0x4 ./Middlewares/Third_Party/FreeRTOS/Source/portable/MemMang/heap_4.o
 .bss.xFreeBytesRemaining
                0x0000000020003204        0x4 ./Middlewares/Third_Party/FreeRTOS/Source/portable/MemMang/heap_4.o
 .bss.xMinimumEverFreeBytesRemaining
                0x0000000020003208        0x4 ./Middlewares/Third_Party/FreeRTOS/Source/portable/MemMang/heap_4.o
 .bss.xNumberOfSuccessfulAllocations
                0x000000002000320c        0x4 ./Middlewares/Third_Party/FreeRTOS/Source/portable/MemMang/heap_4.o
 .bss.xNumberOfSuccessfulFrees
                0x0000000020003210        0x4 ./Middlewares/Third_Party/FreeRTOS/Source/portable/MemMang/heap_4.o
 .bss.xBlockAllocatedBit
                0x0000000020003214        0x4 ./Middlewares/Third_Party/FreeRTOS/Source/portable/MemMang/heap_4.o
 .bss.__lock___malloc_recursive_mutex
                0x0000000020003218        0x1 /home/carlos/st/stm32cubeide_1.11.2/plugins/com.st.stm32cube.ide.mcu.externaltools.gnu-tools-for-stm32.10.3-2021.10.linux64_1.0.100.202210260954/tools/bin/../lib/gcc/arm-none-eabi/10.3.1/../../../../arm-none-eabi/lib/thumb/v7e-m+fp/hard/libc_nano.a(lib_a-lock.o)
                0x0000000020003218                __lock___malloc_recursive_mutex
 *fill*         0x0000000020003219        0x3 
 .bss.__malloc_free_list
                0x000000002000321c        0x4 /home/carlos/st/stm32cubeide_1.11.2/plugins/com.st.stm32cube.ide.mcu.externaltools.gnu-tools-for-stm32.10.3-2021.10.linux64_1.0.100.202210260954/tools/bin/../lib/gcc/arm-none-eabi/10.3.1/../../../../arm-none-eabi/lib/thumb/v7e-m+fp/hard/libc_nano.a(lib_a-nano-mallocr.o)
                0x000000002000321c                __malloc_free_list
 *(COMMON)
                0x0000000020003220                . = ALIGN (0x4)
                0x0000000020003220                _ebss = .
                0x0000000020003220                __bss_end__ = _ebss

._user_heap_stack
                0x0000000020003220     0x1400 load address 0x00000000080087c8
                0x0000000020003220                . = ALIGN (0x8)
                [!provide]                        PROVIDE (end = .)
                0x0000000020003220                PROVIDE (_end = .)
                0x0000000020004220                . = (. + _Min_Heap_Size)
 *fill*         0x0000000020003220     0x1000 
                0x0000000020004620                . = (. + _Min_Stack_Size)
 *fill*         0x0000000020004220      0x400 
                0x0000000020004620                . = ALIGN (0x8)

/DISCARD/
 libc.a(*)
 libm.a(*)
 libgcc.a(*)

.ARM.attributes
                0x0000000000000000       0x30
 *(.ARM.attributes)
 .ARM.attributes
                0x0000000000000000       0x1e /home/carlos/st/stm32cubeide_1.11.2/plugins/com.st.stm32cube.ide.mcu.externaltools.gnu-tools-for-stm32.10.3-2021.10.linux64_1.0.100.202210260954/tools/bin/../lib/gcc/arm-none-eabi/10.3.1/thumb/v7e-m+fp/hard/crti.o
 .ARM.attributes
                0x000000000000001e       0x34 /home/carlos/st/stm32cubeide_1.11.2/plugins/com.st.stm32cube.ide.mcu.externaltools.gnu-tools-for-stm32.10.3-2021.10.linux64_1.0.100.202210260954/tools/bin/../lib/gcc/arm-none-eabi/10.3.1/thumb/v7e-m+fp/hard/crtbegin.o
 .ARM.attributes
                0x0000000000000052       0x34 ./Core/Src/LTC4168.o
 .ARM.attributes
                0x0000000000000086       0x34 ./Core/Src/bus_packet.o
 .ARM.attributes
                0x00000000000000ba       0x34 ./Core/Src/freertos.o
 .ARM.attributes
                0x00000000000000ee       0x34 ./Core/Src/main.o
 .ARM.attributes
                0x0000000000000122       0x34 ./Core/Src/stm32l4xx_hal_msp.o
 .ARM.attributes
                0x0000000000000156       0x34 ./Core/Src/stm32l4xx_hal_timebase_tim.o
 .ARM.attributes
                0x000000000000018a       0x34 ./Core/Src/stm32l4xx_it.o
 .ARM.attributes
                0x00000000000001be       0x34 ./Core/Src/system_stm32l4xx.o
 .ARM.attributes
                0x00000000000001f2       0x21 ./Core/Startup/startup_stm32l431rctx.o
 .ARM.attributes
                0x0000000000000213       0x34 ./Drivers/STM32L4xx_HAL_Driver/Src/stm32l4xx_hal.o
 .ARM.attributes
                0x0000000000000247       0x34 ./Drivers/STM32L4xx_HAL_Driver/Src/stm32l4xx_hal_cortex.o
 .ARM.attributes
                0x000000000000027b       0x34 ./Drivers/STM32L4xx_HAL_Driver/Src/stm32l4xx_hal_crc.o
 .ARM.attributes
                0x00000000000002af       0x34 ./Drivers/STM32L4xx_HAL_Driver/Src/stm32l4xx_hal_crc_ex.o
 .ARM.attributes
                0x00000000000002e3       0x34 ./Drivers/STM32L4xx_HAL_Driver/Src/stm32l4xx_hal_gpio.o
 .ARM.attributes
                0x0000000000000317       0x34 ./Drivers/STM32L4xx_HAL_Driver/Src/stm32l4xx_hal_i2c.o
 .ARM.attributes
                0x000000000000034b       0x34 ./Drivers/STM32L4xx_HAL_Driver/Src/stm32l4xx_hal_i2c_ex.o
 .ARM.attributes
                0x000000000000037f       0x34 ./Drivers/STM32L4xx_HAL_Driver/Src/stm32l4xx_hal_pwr_ex.o
 .ARM.attributes
                0x00000000000003b3       0x34 ./Drivers/STM32L4xx_HAL_Driver/Src/stm32l4xx_hal_rcc.o
 .ARM.attributes
                0x00000000000003e7       0x34 ./Drivers/STM32L4xx_HAL_Driver/Src/stm32l4xx_hal_rcc_ex.o
 .ARM.attributes
                0x000000000000041b       0x34 ./Drivers/STM32L4xx_HAL_Driver/Src/stm32l4xx_hal_spi.o
 .ARM.attributes
                0x000000000000044f       0x34 ./Drivers/STM32L4xx_HAL_Driver/Src/stm32l4xx_hal_tim.o
 .ARM.attributes
                0x0000000000000483       0x34 ./Drivers/STM32L4xx_HAL_Driver/Src/stm32l4xx_hal_tim_ex.o
 .ARM.attributes
                0x00000000000004b7       0x34 ./Drivers/STM32L4xx_HAL_Driver/Src/stm32l4xx_hal_uart.o
 .ARM.attributes
                0x00000000000004eb       0x34 ./Middlewares/Third_Party/FreeRTOS/Source/CMSIS_RTOS_V2/cmsis_os2.o
 .ARM.attributes
                0x000000000000051f       0x34 ./Middlewares/Third_Party/FreeRTOS/Source/list.o
 .ARM.attributes
                0x0000000000000553       0x34 ./Middlewares/Third_Party/FreeRTOS/Source/queue.o
 .ARM.attributes
                0x0000000000000587       0x34 ./Middlewares/Third_Party/FreeRTOS/Source/tasks.o
 .ARM.attributes
                0x00000000000005bb       0x34 ./Middlewares/Third_Party/FreeRTOS/Source/timers.o
 .ARM.attributes
                0x00000000000005ef       0x34 ./Middlewares/Third_Party/FreeRTOS/Source/portable/GCC/ARM_CM4F/port.o
 .ARM.attributes
                0x0000000000000623       0x34 ./Middlewares/Third_Party/FreeRTOS/Source/portable/MemMang/heap_4.o
 .ARM.attributes
                0x0000000000000657       0x34 /home/carlos/st/stm32cubeide_1.11.2/plugins/com.st.stm32cube.ide.mcu.externaltools.gnu-tools-for-stm32.10.3-2021.10.linux64_1.0.100.202210260954/tools/bin/../lib/gcc/arm-none-eabi/10.3.1/../../../../arm-none-eabi/lib/thumb/v7e-m+fp/hard/libc_nano.a(lib_a-findfp.o)
 .ARM.attributes
                0x000000000000068b       0x34 /home/carlos/st/stm32cubeide_1.11.2/plugins/com.st.stm32cube.ide.mcu.externaltools.gnu-tools-for-stm32.10.3-2021.10.linux64_1.0.100.202210260954/tools/bin/../lib/gcc/arm-none-eabi/10.3.1/../../../../arm-none-eabi/lib/thumb/v7e-m+fp/hard/libc_nano.a(lib_a-impure.o)
 .ARM.attributes
                0x00000000000006bf       0x34 /home/carlos/st/stm32cubeide_1.11.2/plugins/com.st.stm32cube.ide.mcu.externaltools.gnu-tools-for-stm32.10.3-2021.10.linux64_1.0.100.202210260954/tools/bin/../lib/gcc/arm-none-eabi/10.3.1/../../../../arm-none-eabi/lib/thumb/v7e-m+fp/hard/libc_nano.a(lib_a-init.o)
 .ARM.attributes
                0x00000000000006f3       0x34 /home/carlos/st/stm32cubeide_1.11.2/plugins/com.st.stm32cube.ide.mcu.externaltools.gnu-tools-for-stm32.10.3-2021.10.linux64_1.0.100.202210260954/tools/bin/../lib/gcc/arm-none-eabi/10.3.1/../../../../arm-none-eabi/lib/thumb/v7e-m+fp/hard/libc_nano.a(lib_a-lock.o)
 .ARM.attributes
                0x0000000000000727       0x34 /home/carlos/st/stm32cubeide_1.11.2/plugins/com.st.stm32cube.ide.mcu.externaltools.gnu-tools-for-stm32.10.3-2021.10.linux64_1.0.100.202210260954/tools/bin/../lib/gcc/arm-none-eabi/10.3.1/../../../../arm-none-eabi/lib/thumb/v7e-m+fp/hard/libc_nano.a(lib_a-memcpy-stub.o)
 .ARM.attributes
                0x000000000000075b       0x34 /home/carlos/st/stm32cubeide_1.11.2/plugins/com.st.stm32cube.ide.mcu.externaltools.gnu-tools-for-stm32.10.3-2021.10.linux64_1.0.100.202210260954/tools/bin/../lib/gcc/arm-none-eabi/10.3.1/../../../../arm-none-eabi/lib/thumb/v7e-m+fp/hard/libc_nano.a(lib_a-memset.o)
 .ARM.attributes
                0x000000000000078f       0x34 /home/carlos/st/stm32cubeide_1.11.2/plugins/com.st.stm32cube.ide.mcu.externaltools.gnu-tools-for-stm32.10.3-2021.10.linux64_1.0.100.202210260954/tools/bin/../lib/gcc/arm-none-eabi/10.3.1/../../../../arm-none-eabi/lib/thumb/v7e-m+fp/hard/libc_nano.a(lib_a-nano-mallocr.o)
 .ARM.attributes
                0x00000000000007c3       0x34 /home/carlos/st/stm32cubeide_1.11.2/plugins/com.st.stm32cube.ide.mcu.externaltools.gnu-tools-for-stm32.10.3-2021.10.linux64_1.0.100.202210260954/tools/bin/../lib/gcc/arm-none-eabi/10.3.1/../../../../arm-none-eabi/lib/thumb/v7e-m+fp/hard/libc_nano.a(lib_a-reent.o)
 .ARM.attributes
                0x00000000000007f7       0x34 /home/carlos/st/stm32cubeide_1.11.2/plugins/com.st.stm32cube.ide.mcu.externaltools.gnu-tools-for-stm32.10.3-2021.10.linux64_1.0.100.202210260954/tools/bin/../lib/gcc/arm-none-eabi/10.3.1/../../../../arm-none-eabi/lib/thumb/v7e-m+fp/hard/libc_nano.a(lib_a-mlock.o)
 .ARM.attributes
                0x000000000000082b       0x34 /home/carlos/st/stm32cubeide_1.11.2/plugins/com.st.stm32cube.ide.mcu.externaltools.gnu-tools-for-stm32.10.3-2021.10.linux64_1.0.100.202210260954/tools/bin/../lib/gcc/arm-none-eabi/10.3.1/../../../../arm-none-eabi/lib/thumb/v7e-m+fp/hard/libc_nano.a(lib_a-nano-freer.o)
 .ARM.attributes
                0x000000000000085f       0x1e /home/carlos/st/stm32cubeide_1.11.2/plugins/com.st.stm32cube.ide.mcu.externaltools.gnu-tools-for-stm32.10.3-2021.10.linux64_1.0.100.202210260954/tools/bin/../lib/gcc/arm-none-eabi/10.3.1/thumb/v7e-m+fp/hard/libgcc.a(_aeabi_uldivmod.o)
 .ARM.attributes
                0x000000000000087d       0x34 /home/carlos/st/stm32cubeide_1.11.2/plugins/com.st.stm32cube.ide.mcu.externaltools.gnu-tools-for-stm32.10.3-2021.10.linux64_1.0.100.202210260954/tools/bin/../lib/gcc/arm-none-eabi/10.3.1/thumb/v7e-m+fp/hard/libgcc.a(_udivmoddi4.o)
 .ARM.attributes
                0x00000000000008b1       0x1e /home/carlos/st/stm32cubeide_1.11.2/plugins/com.st.stm32cube.ide.mcu.externaltools.gnu-tools-for-stm32.10.3-2021.10.linux64_1.0.100.202210260954/tools/bin/../lib/gcc/arm-none-eabi/10.3.1/thumb/v7e-m+fp/hard/libgcc.a(_dvmd_tls.o)
 .ARM.attributes
                0x00000000000008cf       0x1e /home/carlos/st/stm32cubeide_1.11.2/plugins/com.st.stm32cube.ide.mcu.externaltools.gnu-tools-for-stm32.10.3-2021.10.linux64_1.0.100.202210260954/tools/bin/../lib/gcc/arm-none-eabi/10.3.1/thumb/v7e-m+fp/hard/crtn.o
OUTPUT(EPS_Firmware.elf elf32-littlearm)
LOAD linker stubs
LOAD /home/carlos/st/stm32cubeide_1.11.2/plugins/com.st.stm32cube.ide.mcu.externaltools.gnu-tools-for-stm32.10.3-2021.10.linux64_1.0.100.202210260954/tools/bin/../lib/gcc/arm-none-eabi/10.3.1/../../../../arm-none-eabi/lib/thumb/v7e-m+fp/hard/libc.a
LOAD /home/carlos/st/stm32cubeide_1.11.2/plugins/com.st.stm32cube.ide.mcu.externaltools.gnu-tools-for-stm32.10.3-2021.10.linux64_1.0.100.202210260954/tools/bin/../lib/gcc/arm-none-eabi/10.3.1/../../../../arm-none-eabi/lib/thumb/v7e-m+fp/hard/libm.a
LOAD /home/carlos/st/stm32cubeide_1.11.2/plugins/com.st.stm32cube.ide.mcu.externaltools.gnu-tools-for-stm32.10.3-2021.10.linux64_1.0.100.202210260954/tools/bin/../lib/gcc/arm-none-eabi/10.3.1/thumb/v7e-m+fp/hard/libgcc.a

.debug_info     0x0000000000000000    0x231c2
 .debug_info    0x0000000000000000      0x9b8 ./Core/Src/LTC4168.o
 .debug_info    0x00000000000009b8      0x6f3 ./Core/Src/bus_packet.o
 .debug_info    0x00000000000010ab       0x90 ./Core/Src/freertos.o
 .debug_info    0x000000000000113b     0x2180 ./Core/Src/main.o
 .debug_info    0x00000000000032bb     0x1c09 ./Core/Src/stm32l4xx_hal_msp.o
 .debug_info    0x0000000000004ec4      0xc78 ./Core/Src/stm32l4xx_hal_timebase_tim.o
 .debug_info    0x0000000000005b3c      0x725 ./Core/Src/stm32l4xx_it.o
 .debug_info    0x0000000000006261      0x5d4 ./Core/Src/system_stm32l4xx.o
 .debug_info    0x0000000000006835       0x22 ./Core/Startup/startup_stm32l431rctx.o
 .debug_info    0x0000000000006857      0xadd ./Drivers/STM32L4xx_HAL_Driver/Src/stm32l4xx_hal.o
 .debug_info    0x0000000000007334      0xdbb ./Drivers/STM32L4xx_HAL_Driver/Src/stm32l4xx_hal_cortex.o
 .debug_info    0x00000000000080ef      0x57c ./Drivers/STM32L4xx_HAL_Driver/Src/stm32l4xx_hal_crc.o
 .debug_info    0x000000000000866b      0x38f ./Drivers/STM32L4xx_HAL_Driver/Src/stm32l4xx_hal_crc_ex.o
 .debug_info    0x00000000000089fa      0x821 ./Drivers/STM32L4xx_HAL_Driver/Src/stm32l4xx_hal_gpio.o
 .debug_info    0x000000000000921b     0x2232 ./Drivers/STM32L4xx_HAL_Driver/Src/stm32l4xx_hal_i2c.o
 .debug_info    0x000000000000b44d      0xa53 ./Drivers/STM32L4xx_HAL_Driver/Src/stm32l4xx_hal_i2c_ex.o
 .debug_info    0x000000000000bea0      0x90c ./Drivers/STM32L4xx_HAL_Driver/Src/stm32l4xx_hal_pwr_ex.o
 .debug_info    0x000000000000c7ac      0xc97 ./Drivers/STM32L4xx_HAL_Driver/Src/stm32l4xx_hal_rcc.o
 .debug_info    0x000000000000d443      0xf75 ./Drivers/STM32L4xx_HAL_Driver/Src/stm32l4xx_hal_rcc_ex.o
 .debug_info    0x000000000000e3b8     0x1782 ./Drivers/STM32L4xx_HAL_Driver/Src/stm32l4xx_hal_spi.o
 .debug_info    0x000000000000fb3a     0x2d04 ./Drivers/STM32L4xx_HAL_Driver/Src/stm32l4xx_hal_tim.o
 .debug_info    0x000000000001283e     0x17eb ./Drivers/STM32L4xx_HAL_Driver/Src/stm32l4xx_hal_tim_ex.o
 .debug_info    0x0000000000014029     0x3d1c ./Drivers/STM32L4xx_HAL_Driver/Src/stm32l4xx_hal_uart.o
 .debug_info    0x0000000000017d45     0x42f6 ./Middlewares/Third_Party/FreeRTOS/Source/CMSIS_RTOS_V2/cmsis_os2.o
 .debug_info    0x000000000001c03b      0x2d1 ./Middlewares/Third_Party/FreeRTOS/Source/list.o
 .debug_info    0x000000000001c30c     0x1cbf ./Middlewares/Third_Party/FreeRTOS/Source/queue.o
 .debug_info    0x000000000001dfcb     0x2b5c ./Middlewares/Third_Party/FreeRTOS/Source/tasks.o
 .debug_info    0x0000000000020b27     0x1c89 ./Middlewares/Third_Party/FreeRTOS/Source/timers.o
 .debug_info    0x00000000000227b0      0x507 ./Middlewares/Third_Party/FreeRTOS/Source/portable/GCC/ARM_CM4F/port.o
 .debug_info    0x0000000000022cb7      0x50b ./Middlewares/Third_Party/FreeRTOS/Source/portable/MemMang/heap_4.o

.debug_abbrev   0x0000000000000000     0x439f
 .debug_abbrev  0x0000000000000000      0x212 ./Core/Src/LTC4168.o
 .debug_abbrev  0x0000000000000212      0x222 ./Core/Src/bus_packet.o
 .debug_abbrev  0x0000000000000434       0x47 ./Core/Src/freertos.o
 .debug_abbrev  0x000000000000047b      0x357 ./Core/Src/main.o
 .debug_abbrev  0x00000000000007d2      0x262 ./Core/Src/stm32l4xx_hal_msp.o
 .debug_abbrev  0x0000000000000a34      0x1e6 ./Core/Src/stm32l4xx_hal_timebase_tim.o
 .debug_abbrev  0x0000000000000c1a      0x171 ./Core/Src/stm32l4xx_it.o
 .debug_abbrev  0x0000000000000d8b      0x116 ./Core/Src/system_stm32l4xx.o
 .debug_abbrev  0x0000000000000ea1       0x12 ./Core/Startup/startup_stm32l431rctx.o
 .debug_abbrev  0x0000000000000eb3      0x23a ./Drivers/STM32L4xx_HAL_Driver/Src/stm32l4xx_hal.o
 .debug_abbrev  0x00000000000010ed      0x316 ./Drivers/STM32L4xx_HAL_Driver/Src/stm32l4xx_hal_cortex.o
 .debug_abbrev  0x0000000000001403      0x1d8 ./Drivers/STM32L4xx_HAL_Driver/Src/stm32l4xx_hal_crc.o
 .debug_abbrev  0x00000000000015db      0x146 ./Drivers/STM32L4xx_HAL_Driver/Src/stm32l4xx_hal_crc_ex.o
 .debug_abbrev  0x0000000000001721      0x1bb ./Drivers/STM32L4xx_HAL_Driver/Src/stm32l4xx_hal_gpio.o
 .debug_abbrev  0x00000000000018dc      0x243 ./Drivers/STM32L4xx_HAL_Driver/Src/stm32l4xx_hal_i2c.o
 .debug_abbrev  0x0000000000001b1f      0x1b0 ./Drivers/STM32L4xx_HAL_Driver/Src/stm32l4xx_hal_i2c_ex.o
 .debug_abbrev  0x0000000000001ccf      0x1f3 ./Drivers/STM32L4xx_HAL_Driver/Src/stm32l4xx_hal_pwr_ex.o
 .debug_abbrev  0x0000000000001ec2      0x2bd ./Drivers/STM32L4xx_HAL_Driver/Src/stm32l4xx_hal_rcc.o
 .debug_abbrev  0x000000000000217f      0x299 ./Drivers/STM32L4xx_HAL_Driver/Src/stm32l4xx_hal_rcc_ex.o
 .debug_abbrev  0x0000000000002418      0x254 ./Drivers/STM32L4xx_HAL_Driver/Src/stm32l4xx_hal_spi.o
 .debug_abbrev  0x000000000000266c      0x264 ./Drivers/STM32L4xx_HAL_Driver/Src/stm32l4xx_hal_tim.o
 .debug_abbrev  0x00000000000028d0      0x26c ./Drivers/STM32L4xx_HAL_Driver/Src/stm32l4xx_hal_tim_ex.o
 .debug_abbrev  0x0000000000002b3c      0x2bc ./Drivers/STM32L4xx_HAL_Driver/Src/stm32l4xx_hal_uart.o
 .debug_abbrev  0x0000000000002df8      0x543 ./Middlewares/Third_Party/FreeRTOS/Source/CMSIS_RTOS_V2/cmsis_os2.o
 .debug_abbrev  0x000000000000333b       0xf2 ./Middlewares/Third_Party/FreeRTOS/Source/list.o
 .debug_abbrev  0x000000000000342d      0x3a1 ./Middlewares/Third_Party/FreeRTOS/Source/queue.o
 .debug_abbrev  0x00000000000037ce      0x406 ./Middlewares/Third_Party/FreeRTOS/Source/tasks.o
 .debug_abbrev  0x0000000000003bd4      0x360 ./Middlewares/Third_Party/FreeRTOS/Source/timers.o
 .debug_abbrev  0x0000000000003f34      0x259 ./Middlewares/Third_Party/FreeRTOS/Source/portable/GCC/ARM_CM4F/port.o
 .debug_abbrev  0x000000000000418d      0x212 ./Middlewares/Third_Party/FreeRTOS/Source/portable/MemMang/heap_4.o

.debug_aranges  0x0000000000000000     0x1cb8
 .debug_aranges
                0x0000000000000000       0x50 ./Core/Src/LTC4168.o
 .debug_aranges
                0x0000000000000050       0x48 ./Core/Src/bus_packet.o
 .debug_aranges
                0x0000000000000098       0x20 ./Core/Src/freertos.o
 .debug_aranges
                0x00000000000000b8       0xa0 ./Core/Src/main.o
 .debug_aranges
                0x0000000000000158       0x78 ./Core/Src/stm32l4xx_hal_msp.o
 .debug_aranges
                0x00000000000001d0       0x30 ./Core/Src/stm32l4xx_hal_timebase_tim.o
 .debug_aranges
                0x0000000000000200       0x50 ./Core/Src/stm32l4xx_it.o
 .debug_aranges
                0x0000000000000250       0x28 ./Core/Src/system_stm32l4xx.o
 .debug_aranges
                0x0000000000000278       0x28 ./Core/Startup/startup_stm32l431rctx.o
 .debug_aranges
                0x00000000000002a0      0x130 ./Drivers/STM32L4xx_HAL_Driver/Src/stm32l4xx_hal.o
 .debug_aranges
                0x00000000000003d0      0x118 ./Drivers/STM32L4xx_HAL_Driver/Src/stm32l4xx_hal_cortex.o
 .debug_aranges
                0x00000000000004e8       0x60 ./Drivers/STM32L4xx_HAL_Driver/Src/stm32l4xx_hal_crc.o
 .debug_aranges
                0x0000000000000548       0x30 ./Drivers/STM32L4xx_HAL_Driver/Src/stm32l4xx_hal_crc_ex.o
 .debug_aranges
                0x0000000000000578       0x58 ./Drivers/STM32L4xx_HAL_Driver/Src/stm32l4xx_hal_gpio.o
 .debug_aranges
                0x00000000000005d0      0x2a0 ./Drivers/STM32L4xx_HAL_Driver/Src/stm32l4xx_hal_i2c.o
 .debug_aranges
                0x0000000000000870       0x48 ./Drivers/STM32L4xx_HAL_Driver/Src/stm32l4xx_hal_i2c_ex.o
 .debug_aranges
                0x00000000000008b8      0x100 ./Drivers/STM32L4xx_HAL_Driver/Src/stm32l4xx_hal_pwr_ex.o
 .debug_aranges
                0x00000000000009b8       0x90 ./Drivers/STM32L4xx_HAL_Driver/Src/stm32l4xx_hal_rcc.o
 .debug_aranges
                0x0000000000000a48       0xf0 ./Drivers/STM32L4xx_HAL_Driver/Src/stm32l4xx_hal_rcc_ex.o
 .debug_aranges
                0x0000000000000b38      0x1d8 ./Drivers/STM32L4xx_HAL_Driver/Src/stm32l4xx_hal_spi.o
 .debug_aranges
                0x0000000000000d10      0x3e0 ./Drivers/STM32L4xx_HAL_Driver/Src/stm32l4xx_hal_tim.o
 .debug_aranges
                0x00000000000010f0      0x180 ./Drivers/STM32L4xx_HAL_Driver/Src/stm32l4xx_hal_tim_ex.o
 .debug_aranges
                0x0000000000001270      0x228 ./Drivers/STM32L4xx_HAL_Driver/Src/stm32l4xx_hal_uart.o
 .debug_aranges
                0x0000000000001498      0x2b8 ./Middlewares/Third_Party/FreeRTOS/Source/CMSIS_RTOS_V2/cmsis_os2.o
 .debug_aranges
                0x0000000000001750       0x40 ./Middlewares/Third_Party/FreeRTOS/Source/list.o
 .debug_aranges
                0x0000000000001790      0x158 ./Middlewares/Third_Party/FreeRTOS/Source/queue.o
 .debug_aranges
                0x00000000000018e8      0x208 ./Middlewares/Third_Party/FreeRTOS/Source/tasks.o
 .debug_aranges
                0x0000000000001af0       0xf0 ./Middlewares/Third_Party/FreeRTOS/Source/timers.o
 .debug_aranges
                0x0000000000001be0       0x80 ./Middlewares/Third_Party/FreeRTOS/Source/portable/GCC/ARM_CM4F/port.o
 .debug_aranges
                0x0000000000001c60       0x58 ./Middlewares/Third_Party/FreeRTOS/Source/portable/MemMang/heap_4.o

.debug_ranges   0x0000000000000000     0x1b10
 .debug_ranges  0x0000000000000000       0x40 ./Core/Src/LTC4168.o
 .debug_ranges  0x0000000000000040       0x38 ./Core/Src/bus_packet.o
 .debug_ranges  0x0000000000000078       0x10 ./Core/Src/freertos.o
 .debug_ranges  0x0000000000000088       0x90 ./Core/Src/main.o
 .debug_ranges  0x0000000000000118       0x68 ./Core/Src/stm32l4xx_hal_msp.o
 .debug_ranges  0x0000000000000180       0x20 ./Core/Src/stm32l4xx_hal_timebase_tim.o
 .debug_ranges  0x00000000000001a0       0x40 ./Core/Src/stm32l4xx_it.o
 .debug_ranges  0x00000000000001e0       0x18 ./Core/Src/system_stm32l4xx.o
 .debug_ranges  0x00000000000001f8       0x20 ./Core/Startup/startup_stm32l431rctx.o
 .debug_ranges  0x0000000000000218      0x120 ./Drivers/STM32L4xx_HAL_Driver/Src/stm32l4xx_hal.o
 .debug_ranges  0x0000000000000338      0x108 ./Drivers/STM32L4xx_HAL_Driver/Src/stm32l4xx_hal_cortex.o
 .debug_ranges  0x0000000000000440       0x50 ./Drivers/STM32L4xx_HAL_Driver/Src/stm32l4xx_hal_crc.o
 .debug_ranges  0x0000000000000490       0x20 ./Drivers/STM32L4xx_HAL_Driver/Src/stm32l4xx_hal_crc_ex.o
 .debug_ranges  0x00000000000004b0       0x48 ./Drivers/STM32L4xx_HAL_Driver/Src/stm32l4xx_hal_gpio.o
 .debug_ranges  0x00000000000004f8      0x290 ./Drivers/STM32L4xx_HAL_Driver/Src/stm32l4xx_hal_i2c.o
 .debug_ranges  0x0000000000000788       0x38 ./Drivers/STM32L4xx_HAL_Driver/Src/stm32l4xx_hal_i2c_ex.o
 .debug_ranges  0x00000000000007c0       0xf0 ./Drivers/STM32L4xx_HAL_Driver/Src/stm32l4xx_hal_pwr_ex.o
 .debug_ranges  0x00000000000008b0       0x80 ./Drivers/STM32L4xx_HAL_Driver/Src/stm32l4xx_hal_rcc.o
 .debug_ranges  0x0000000000000930       0xe0 ./Drivers/STM32L4xx_HAL_Driver/Src/stm32l4xx_hal_rcc_ex.o
 .debug_ranges  0x0000000000000a10      0x1c8 ./Drivers/STM32L4xx_HAL_Driver/Src/stm32l4xx_hal_spi.o
 .debug_ranges  0x0000000000000bd8      0x3d0 ./Drivers/STM32L4xx_HAL_Driver/Src/stm32l4xx_hal_tim.o
 .debug_ranges  0x0000000000000fa8      0x170 ./Drivers/STM32L4xx_HAL_Driver/Src/stm32l4xx_hal_tim_ex.o
 .debug_ranges  0x0000000000001118      0x248 ./Drivers/STM32L4xx_HAL_Driver/Src/stm32l4xx_hal_uart.o
 .debug_ranges  0x0000000000001360      0x2a8 ./Middlewares/Third_Party/FreeRTOS/Source/CMSIS_RTOS_V2/cmsis_os2.o
 .debug_ranges  0x0000000000001608       0x30 ./Middlewares/Third_Party/FreeRTOS/Source/list.o
 .debug_ranges  0x0000000000001638      0x148 ./Middlewares/Third_Party/FreeRTOS/Source/queue.o
 .debug_ranges  0x0000000000001780      0x1f8 ./Middlewares/Third_Party/FreeRTOS/Source/tasks.o
 .debug_ranges  0x0000000000001978       0xe0 ./Middlewares/Third_Party/FreeRTOS/Source/timers.o
 .debug_ranges  0x0000000000001a58       0x70 ./Middlewares/Third_Party/FreeRTOS/Source/portable/GCC/ARM_CM4F/port.o
 .debug_ranges  0x0000000000001ac8       0x48 ./Middlewares/Third_Party/FreeRTOS/Source/portable/MemMang/heap_4.o

.debug_macro    0x0000000000000000     0x7ffd
 .debug_macro   0x0000000000000000      0x3f3 ./Core/Src/LTC4168.o
 .debug_macro   0x00000000000003f3     0x1b50 ./Core/Src/LTC4168.o
 .debug_macro   0x0000000000001f43      0x1a2 ./Core/Src/LTC4168.o
 .debug_macro   0x00000000000020e5       0x52 ./Core/Src/LTC4168.o
 .debug_macro   0x0000000000002137       0x52 ./Core/Src/LTC4168.o
 .debug_macro   0x0000000000002189       0x1e ./Core/Src/LTC4168.o
 .debug_macro   0x00000000000021a7       0x3c ./Core/Src/LTC4168.o
 .debug_macro   0x00000000000021e3       0x34 ./Core/Src/LTC4168.o
 .debug_macro   0x0000000000002217       0x16 ./Core/Src/LTC4168.o
 .debug_macro   0x000000000000222d       0x43 ./Core/Src/LTC4168.o
 .debug_macro   0x0000000000002270       0x34 ./Core/Src/LTC4168.o
 .debug_macro   0x00000000000022a4       0x10 ./Core/Src/LTC4168.o
 .debug_macro   0x00000000000022b4       0x58 ./Core/Src/LTC4168.o
 .debug_macro   0x000000000000230c       0x71 ./Core/Src/LTC4168.o
 .debug_macro   0x000000000000237d       0x1c ./Core/Src/LTC4168.o
 .debug_macro   0x0000000000002399      0x12a ./Core/Src/LTC4168.o
 .debug_macro   0x00000000000024c3      0x341 ./Core/Src/LTC4168.o
 .debug_macro   0x0000000000002804       0x10 ./Core/Src/LTC4168.o
 .debug_macro   0x0000000000002814       0x35 ./Core/Src/LTC4168.o
 .debug_macro   0x0000000000002849       0x20 ./Core/Src/LTC4168.o
 .debug_macro   0x0000000000002869       0x1c ./Core/Src/LTC4168.o
 .debug_macro   0x0000000000002885       0x10 ./Core/Src/LTC4168.o
 .debug_macro   0x0000000000002895       0x10 ./Core/Src/LTC4168.o
 .debug_macro   0x00000000000028a5       0x1c ./Core/Src/LTC4168.o
 .debug_macro   0x00000000000028c1       0x52 ./Core/Src/LTC4168.o
 .debug_macro   0x0000000000002913       0x22 ./Core/Src/LTC4168.o
 .debug_macro   0x0000000000002935       0x10 ./Core/Src/LTC4168.o
 .debug_macro   0x0000000000002945       0x52 ./Core/Src/LTC4168.o
 .debug_macro   0x0000000000002997       0xd5 ./Core/Src/LTC4168.o
 .debug_macro   0x0000000000002a6c       0x1c ./Core/Src/LTC4168.o
 .debug_macro   0x0000000000002a88       0x3d ./Core/Src/LTC4168.o
 .debug_macro   0x0000000000002ac5       0x16 ./Core/Src/LTC4168.o
 .debug_macro   0x0000000000002adb      0x145 ./Core/Src/LTC4168.o
 .debug_macro   0x0000000000002c20       0x16 ./Core/Src/LTC4168.o
 .debug_macro   0x0000000000002c36       0x16 ./Core/Src/LTC4168.o
 .debug_macro   0x0000000000002c4c       0x29 ./Core/Src/LTC4168.o
 .debug_macro   0x0000000000002c75      0x2ed ./Core/Src/bus_packet.o