../Core/Src/main.c:99:5:main	8	static
../Core/Src/main.c:187:6:SystemClock_Config	96	static
../Core/Src/main.c:236:13:MX_ADC1_Init	32	static
../Core/Src/main.c:294:13:MX_I2C1_Init	8	static
../Core/Src/main.c:342:13:MX_I2C2_Init	8	static
../Core/Src/main.c:390:13:MX_SPI1_Init	8	static
../Core/Src/main.c:430:13:MX_TIM2_Init	48	static
../Core/Src/main.c:483:13:MX_USART1_UART_Init	8	static
../Core/Src/main.c:518:13:MX_USART3_UART_Init	8	static
../Core/Src/main.c:553:13:MX_GPIO_Init	48	static
../Core/Src/main.c:604:6:StartDefaultTask	16	static
../Core/Src/main.c:622:6:Prv_Blinky	24	static
../Core/Src/main.c:653:6:HAL_TIM_PeriodElapsedCallback	16	static
../Core/Src/main.c:670:6:Error_Handler	4	static,ignoring_inline_asm
