../Core/Src/stm32l4xx_hal_msp.c:65:6:HAL_MspInit	8	static
../Core/Src/stm32l4xx_hal_msp.c:89:6:HAL_CRC_MspInit	8	static
../Core/Src/stm32l4xx_hal_msp.c:111:6:HAL_CRC_MspDeInit	0	static
../Core/Src/stm32l4xx_hal_msp.c:133:6:HAL_I2C_MspInit	136	static
../Core/Src/stm32l4xx_hal_msp.c:212:6:HAL_I2C_MspDeInit	8	static
../Core/Src/stm32l4xx_hal_msp.c:263:6:HAL_SPI_MspInit	40	static
../Core/Src/stm32l4xx_hal_msp.c:300:6:HAL_SPI_MspDeInit	0	static
../Core/Src/stm32l4xx_hal_msp.c:330:6:HAL_TIM_PWM_MspInit	8	static
../Core/Src/stm32l4xx_hal_msp.c:346:6:HAL_TIM_MspPostInit	32	static
../Core/Src/stm32l4xx_hal_msp.c:379:6:HAL_TIM_PWM_MspDeInit	0	static
../Core/Src/stm32l4xx_hal_msp.c:401:6:HAL_UART_MspInit	128	static
../Core/Src/stm32l4xx_hal_msp.c:451:6:HAL_UART_MspDeInit	8	static
